16:15:58 **** Incremental Build of configuration Release for project Microblaze_AI ****
make all 
Building file: ../src/testperiph.c
Invoking: MicroBlaze gcc compiler
mb-gcc -Wall -O2 -c -fmessage-length=0 -I../../standalone_bsp_0/microblaze_0/include -mlittle-endian -mxl-barrel-shift -mxl-pattern-compare -mcpu=v8.50.c -mno-xl-soft-mul -mhard-float -Wl,--no-relax -ffunction-sections -fdata-sections -MMD -MP -MF"src/testperiph.d" -MT"src/testperiph.d" -o "src/testperiph.o" "../src/testperiph.c"
../src/testperiph.c: In function 'main':
../src/testperiph.c:53:8: warning: variable 'statusBatY' set but not used [-Wunused-but-set-variable]
../src/testperiph.c:89:79: warning: 'BallBuffer[2]' may be used uninitialized in this function [-Wuninitialized]
../src/testperiph.c:89:11: warning: 'BallBuffer[3]' may be used uninitialized in this function [-Wuninitialized]
../src/testperiph.c:86:31: warning: 'syncBuffer[0]' may be used uninitialized in this function [-Wuninitialized]
Finished building: ../src/testperiph.c
 
Building file: ../src/xgpio_tapp_example.c
Invoking: MicroBlaze gcc compiler
mb-gcc -Wall -O2 -c -fmessage-length=0 -I../../standalone_bsp_0/microblaze_0/include -mlittle-endian -mxl-barrel-shift -mxl-pattern-compare -mcpu=v8.50.c -mno-xl-soft-mul -mhard-float -Wl,--no-relax -ffunction-sections -fdata-sections -MMD -MP -MF"src/xgpio_tapp_example.d" -MT"src/xgpio_tapp_example.d" -o "src/xgpio_tapp_example.o" "../src/xgpio_tapp_example.c"
Finished building: ../src/xgpio_tapp_example.c
 
../src/xgpio_tapp_example.c: In function 'GpioOutputExample':
../src/xgpio_tapp_example.c:182:6: warning: unused variable 'Data' [-Wunused-variable]
Building file: ../src/xuartlite_selftest_example.c
Invoking: MicroBlaze gcc compiler
mb-gcc -Wall -O2 -c -fmessage-length=0 -I../../standalone_bsp_0/microblaze_0/include -mlittle-endian -mxl-barrel-shift -mxl-pattern-compare -mcpu=v8.50.c -mno-xl-soft-mul -mhard-float -Wl,--no-relax -ffunction-sections -fdata-sections -MMD -MP -MF"src/xuartlite_selftest_example.d" -MT"src/xuartlite_selftest_example.d" -o "src/xuartlite_selftest_example.o" "../src/xuartlite_selftest_example.c"
Finished building: ../src/xuartlite_selftest_example.c
 
Building target: Microblaze_AI.elf
Invoking: MicroBlaze gcc linker
mb-gcc -Wl,-T -Wl,../src/lscript.ld -L../../standalone_bsp_0/microblaze_0/lib -mlittle-endian -mxl-barrel-shift -mxl-pattern-compare -mcpu=v8.50.c -mno-xl-soft-mul -mhard-float -Wl,--no-relax -Wl,--gc-sections -o "Microblaze_AI.elf"  ./src/testperiph.o ./src/xgpio_tapp_example.o ./src/xuartlite_selftest_example.o   -Wl,--start-group,-lxil,-lgcc,-lc,--end-group
Finished building target: Microblaze_AI.elf
 
Invoking: MicroBlaze Print Size
mb-size Microblaze_AI.elf  |tee "Microblaze_AI.elf.size"
   text	   data	    bss	    dec	    hex	filename
   3614	    368	   2120	   6102	   17d6	Microblaze_AI.elf
Finished building: Microblaze_AI.elf.size
 
Invoking: Xilinx ELF Check
elfcheck Microblaze_AI.elf -hw ../../MicroBlaze_hw_platform/system.xml -pe microblaze_0  |tee "Microblaze_AI.elf.elfcheck"
elfcheck
Xilinx EDK 14.7 Build EDK_P.20131013
Copyright (c) 1995-2012 Xilinx, Inc.  All rights reserved.

Command Line: elfcheck -hw ../../MicroBlaze_hw_platform/system.xml -pe
microblaze_0 Microblaze_AI.elf 

ELF file	: Microblaze_AI.elf
elfcheck passed.
Finished building: Microblaze_AI.elf.elfcheck
 
16:16:30 **** Auto Build of project standalone_bsp_0 ****
make -k all 
Finished building libraries
16:28:25 **** Auto Build of configuration Release for project Microblaze_AI ****
make all 
Building file: ../src/testperiph.c
Invoking: MicroBlaze gcc compiler
mb-gcc -Wall -O2 -c -fmessage-length=0 -I../../standalone_bsp_0/microblaze_0/include -mlittle-endian -mxl-barrel-shift -mxl-pattern-compare -mcpu=v8.50.c -mno-xl-soft-mul -mhard-float -Wl,--no-relax -ffunction-sections -fdata-sections -MMD -MP -MF"src/testperiph.d" -MT"src/testperiph.d" -o "src/testperiph.o" "../src/testperiph.c"
../src/testperiph.c: In function 'main':
../src/testperiph.c:53:8: warning: variable 'statusBatY' set but not used [-Wunused-but-set-variable]
../src/testperiph.c:89:57: warning: 'BallBuffer[2]' may be used uninitialized in this function [-Wuninitialized]
Finished building: ../src/testperiph.c
 
../src/testperiph.c:89:27: warning: 'BallBuffer[3]' may be used uninitialized in this function [-Wuninitialized]
Building target: Microblaze_AI.elf
../src/testperiph.c:86:31: warning: 'syncBuffer[0]' may be used uninitialized in this function [-Wuninitialized]
Invoking: MicroBlaze gcc linker
mb-gcc -Wl,-T -Wl,../src/lscript.ld -L../../standalone_bsp_0/microblaze_0/lib -mlittle-endian -mxl-barrel-shift -mxl-pattern-compare -mcpu=v8.50.c -mno-xl-soft-mul -mhard-float -Wl,--no-relax -Wl,--gc-sections -o "Microblaze_AI.elf"  ./src/testperiph.o ./src/xgpio_tapp_example.o ./src/xuartlite_selftest_example.o   -Wl,--start-group,-lxil,-lgcc,-lc,--end-group
Finished building target: Microblaze_AI.elf
 
Invoking: MicroBlaze Print Size
mb-size Microblaze_AI.elf  |tee "Microblaze_AI.elf.size"
   text	   data	    bss	    dec	    hex	filename
   3610	    368	   2126	   6104	   17d8	Microblaze_AI.elf
Finished building: Microblaze_AI.elf.size
 
Invoking: Xilinx ELF Check
elfcheck Microblaze_AI.elf -hw ../../MicroBlaze_hw_platform/system.xml -pe microblaze_0  |tee "Microblaze_AI.elf.elfcheck"
elfcheck
Xilinx EDK 14.7 Build EDK_P.20131013
Copyright (c) 1995-2012 Xilinx, Inc.  All rights reserved.

Command Line: elfcheck -hw ../../MicroBlaze_hw_platform/system.xml -pe
microblaze_0 Microblaze_AI.elf 

ELF file	: Microblaze_AI.elf
elfcheck passed.
Finished building: Microblaze_AI.elf.elfcheck
 
16:28:33 **** Auto Build of configuration Release for project Microblaze_AI ****
make all 
Building file: ../src/testperiph.c
Invoking: MicroBlaze gcc compiler
mb-gcc -Wall -O2 -c -fmessage-length=0 -I../../standalone_bsp_0/microblaze_0/include -mlittle-endian -mxl-barrel-shift -mxl-pattern-compare -mcpu=v8.50.c -mno-xl-soft-mul -mhard-float -Wl,--no-relax -ffunction-sections -fdata-sections -MMD -MP -MF"src/testperiph.d" -MT"src/testperiph.d" -o "src/testperiph.o" "../src/testperiph.c"
../src/testperiph.c: In function 'main':
../src/testperiph.c:53:8: warning: variable 'statusBatY' set but not used [-Wunused-but-set-variable]
../src/testperiph.c:89:57: warning: 'BallBuffer[2]' may be used uninitialized in this function [-Wuninitialized]
Finished building: ../src/testperiph.c
 
Building target: Microblaze_AI.elf
../src/testperiph.c:89:27: warning: 'BallBuffer[3]' may be used uninitialized in this function [-Wuninitialized]
../src/testperiph.c:86:31: warning: 'syncBuffer[0]' may be used uninitialized in this function [-Wuninitialized]
Invoking: MicroBlaze gcc linker
mb-gcc -Wl,-T -Wl,../src/lscript.ld -L../../standalone_bsp_0/microblaze_0/lib -mlittle-endian -mxl-barrel-shift -mxl-pattern-compare -mcpu=v8.50.c -mno-xl-soft-mul -mhard-float -Wl,--no-relax -Wl,--gc-sections -o "Microblaze_AI.elf"  ./src/testperiph.o ./src/xgpio_tapp_example.o ./src/xuartlite_selftest_example.o   -Wl,--start-group,-lxil,-lgcc,-lc,--end-group
Finished building target: Microblaze_AI.elf
 
Invoking: MicroBlaze Print Size
mb-size Microblaze_AI.elf  |tee "Microblaze_AI.elf.size"
   text	   data	    bss	    dec	    hex	filename
   3598	    368	   2120	   6086	   17c6	Microblaze_AI.elf
Finished building: Microblaze_AI.elf.size
 
Invoking: Xilinx ELF Check
elfcheck Microblaze_AI.elf -hw ../../MicroBlaze_hw_platform/system.xml -pe microblaze_0  |tee "Microblaze_AI.elf.elfcheck"
elfcheck
Xilinx EDK 14.7 Build EDK_P.20131013
Copyright (c) 1995-2012 Xilinx, Inc.  All rights reserved.

Command Line: elfcheck -hw ../../MicroBlaze_hw_platform/system.xml -pe
microblaze_0 Microblaze_AI.elf 

ELF file	: Microblaze_AI.elf
elfcheck passed.
Finished building: Microblaze_AI.elf.elfcheck
 
16:29:01 **** Auto Build of project standalone_bsp_0 ****
make -k all 
Finished building libraries
16:30:09 **** Auto Build of configuration Release for project Microblaze_AI ****
make all 
Building file: ../src/testperiph.c
Invoking: MicroBlaze gcc compiler
mb-gcc -Wall -O2 -c -fmessage-length=0 -I../../standalone_bsp_0/microblaze_0/include -mlittle-endian -mxl-barrel-shift -mxl-pattern-compare -mcpu=v8.50.c -mno-xl-soft-mul -mhard-float -Wl,--no-relax -ffunction-sections -fdata-sections -MMD -MP -MF"src/testperiph.d" -MT"src/testperiph.d" -o "src/testperiph.o" "../src/testperiph.c"
../src/testperiph.c: In function 'main':
../src/testperiph.c:53:8: warning: variable 'statusBatY' set but not used [-Wunused-but-set-variable]
../src/testperiph.c:89:57: warning: 'BallBuffer[2]' may be used uninitialized in this function [-Wuninitialized]
../src/testperiph.c:89:27: warning: 'BallBuffer[3]' may be used uninitialized in this function [-Wuninitialized]
../src/testperiph.c:86:31: warning: 'syncBuffer[0]' may be used uninitialized in this function [-Wuninitialized]
Finished building: ../src/testperiph.c
 
Building target: Microblaze_AI.elf
Invoking: MicroBlaze gcc linker
mb-gcc -Wl,-T -Wl,../src/lscript.ld -L../../standalone_bsp_0/microblaze_0/lib -mlittle-endian -mxl-barrel-shift -mxl-pattern-compare -mcpu=v8.50.c -mno-xl-soft-mul -mhard-float -Wl,--no-relax -Wl,--gc-sections -o "Microblaze_AI.elf"  ./src/testperiph.o ./src/xgpio_tapp_example.o ./src/xuartlite_selftest_example.o   -Wl,--start-group,-lxil,-lgcc,-lc,--end-group
Finished building target: Microblaze_AI.elf
 
Invoking: MicroBlaze Print Size
mb-size Microblaze_AI.elf  |tee "Microblaze_AI.elf.size"
   text	   data	    bss	    dec	    hex	filename
   6230	    372	   2124	   8726	   2216	Microblaze_AI.elf
Finished building: Microblaze_AI.elf.size
 
Invoking: Xilinx ELF Check
elfcheck Microblaze_AI.elf -hw ../../MicroBlaze_hw_platform/system.xml -pe microblaze_0  |tee "Microblaze_AI.elf.elfcheck"
elfcheck
Xilinx EDK 14.7 Build EDK_P.20131013
Copyright (c) 1995-2012 Xilinx, Inc.  All rights reserved.

Command Line: elfcheck -hw ../../MicroBlaze_hw_platform/system.xml -pe
microblaze_0 Microblaze_AI.elf 

ELF file	: Microblaze_AI.elf
elfcheck passed.
Finished building: Microblaze_AI.elf.elfcheck
 
16:30:28 **** Auto Build of project standalone_bsp_0 ****
make -k all 
Finished building libraries
16:34:06 **** Auto Build of configuration Release for project Microblaze_AI ****
make all 
Building file: ../src/testperiph.c
Invoking: MicroBlaze gcc compiler
mb-gcc -Wall -O2 -c -fmessage-length=0 -I../../standalone_bsp_0/microblaze_0/include -mlittle-endian -mxl-barrel-shift -mxl-pattern-compare -mcpu=v8.50.c -mno-xl-soft-mul -mhard-float -Wl,--no-relax -ffunction-sections -fdata-sections -MMD -MP -MF"src/testperiph.d" -MT"src/testperiph.d" -o "src/testperiph.o" "../src/testperiph.c"
../src/testperiph.c: In function 'main':
../src/testperiph.c:53:8: warning: variable 'statusBatY' set but not used [-Wunused-but-set-variable]
Finished building: ../src/testperiph.c
 
Building target: Microblaze_AI.elf
Invoking: MicroBlaze gcc linker
mb-gcc -Wl,-T -Wl,../src/lscript.ld -L../../standalone_bsp_0/microblaze_0/lib -mlittle-endian -mxl-barrel-shift -mxl-pattern-compare -mcpu=v8.50.c -mno-xl-soft-mul -mhard-float -Wl,--no-relax -Wl,--gc-sections -o "Microblaze_AI.elf"  ./src/testperiph.o ./src/xgpio_tapp_example.o ./src/xuartlite_selftest_example.o   -Wl,--start-group,-lxil,-lgcc,-lc,--end-group
Finished building target: Microblaze_AI.elf
 
Invoking: MicroBlaze Print Size
mb-size Microblaze_AI.elf  |tee "Microblaze_AI.elf.size"
   text	   data	    bss	    dec	    hex	filename
   6154	    372	   2130	   8656	   21d0	Microblaze_AI.elf
Finished building: Microblaze_AI.elf.size
 
Invoking: Xilinx ELF Check
elfcheck Microblaze_AI.elf -hw ../../MicroBlaze_hw_platform/system.xml -pe microblaze_0  |tee "Microblaze_AI.elf.elfcheck"
elfcheck
Xilinx EDK 14.7 Build EDK_P.20131013
Copyright (c) 1995-2012 Xilinx, Inc.  All rights reserved.

Command Line: elfcheck -hw ../../MicroBlaze_hw_platform/system.xml -pe
microblaze_0 Microblaze_AI.elf 

ELF file	: Microblaze_AI.elf
elfcheck passed.
Finished building: Microblaze_AI.elf.elfcheck
 
16:34:36 **** Auto Build of project standalone_bsp_0 ****
make -k all 
Finished building libraries
16:35:50 **** Auto Build of configuration Release for project Microblaze_AI ****
make all 
Building file: ../src/testperiph.c
Invoking: MicroBlaze gcc compiler
mb-gcc -Wall -O2 -c -fmessage-length=0 -I../../standalone_bsp_0/microblaze_0/include -mlittle-endian -mxl-barrel-shift -mxl-pattern-compare -mcpu=v8.50.c -mno-xl-soft-mul -mhard-float -Wl,--no-relax -ffunction-sections -fdata-sections -MMD -MP -MF"src/testperiph.d" -MT"src/testperiph.d" -o "src/testperiph.o" "../src/testperiph.c"
../src/testperiph.c: In function 'main':
../src/testperiph.c:53:8: warning: variable 'statusBatY' set but not used [-Wunused-but-set-variable]
Finished building: ../src/testperiph.c
 
Building target: Microblaze_AI.elf
Invoking: MicroBlaze gcc linker
mb-gcc -Wl,-T -Wl,../src/lscript.ld -L../../standalone_bsp_0/microblaze_0/lib -mlittle-endian -mxl-barrel-shift -mxl-pattern-compare -mcpu=v8.50.c -mno-xl-soft-mul -mhard-float -Wl,--no-relax -Wl,--gc-sections -o "Microblaze_AI.elf"  ./src/testperiph.o ./src/xgpio_tapp_example.o ./src/xuartlite_selftest_example.o   -Wl,--start-group,-lxil,-lgcc,-lc,--end-group
Finished building target: Microblaze_AI.elf
 
Invoking: MicroBlaze Print Size
mb-size Microblaze_AI.elf  |tee "Microblaze_AI.elf.size"
   text	   data	    bss	    dec	    hex	filename
   6166	    372	   2124	   8662	   21d6	Microblaze_AI.elf
Finished building: Microblaze_AI.elf.size
 
Invoking: Xilinx ELF Check
elfcheck Microblaze_AI.elf -hw ../../MicroBlaze_hw_platform/system.xml -pe microblaze_0  |tee "Microblaze_AI.elf.elfcheck"
elfcheck
Xilinx EDK 14.7 Build EDK_P.20131013
Copyright (c) 1995-2012 Xilinx, Inc.  All rights reserved.

Command Line: elfcheck -hw ../../MicroBlaze_hw_platform/system.xml -pe
microblaze_0 Microblaze_AI.elf 

ELF file	: Microblaze_AI.elf
elfcheck passed.
Finished building: Microblaze_AI.elf.elfcheck
 
16:36:11 **** Auto Build of project standalone_bsp_0 ****
make -k all 
Finished building libraries
16:55:47 **** Auto Build of configuration Release for project Microblaze_AI ****
make all 
Building file: ../src/testperiph.c
Invoking: MicroBlaze gcc compiler
mb-gcc -Wall -O2 -c -fmessage-length=0 -I../../standalone_bsp_0/microblaze_0/include -mlittle-endian -mxl-barrel-shift -mxl-pattern-compare -mcpu=v8.50.c -mno-xl-soft-mul -mhard-float -Wl,--no-relax -ffunction-sections -fdata-sections -MMD -MP -MF"src/testperiph.d" -MT"src/testperiph.d" -o "src/testperiph.o" "../src/testperiph.c"
../src/testperiph.c: In function 'main':
../src/testperiph.c:55:8: warning: unused variable 'syncBuffer' [-Wunused-variable]
../src/testperiph.c:54:8: warning: unused variable 'statusSync' [-Wunused-variable]
../src/testperiph.c:53:8: warning: variable 'statusBatY' set but not used [-Wunused-but-set-variable]
../src/testperiph.c:86:12: warning: 'DataReadSync' is used uninitialized in this function [-Wuninitialized]
../src/testperiph.c:84:11: warning: 'BallBuffer[2]' may be used uninitialized in this function [-Wuninitialized]
Finished building: ../src/testperiph.c
 
Building target: Microblaze_AI.elf
Invoking: MicroBlaze gcc linker
mb-gcc -Wl,-T -Wl,../src/lscript.ld -L../../standalone_bsp_0/microblaze_0/lib -mlittle-endian -mxl-barrel-shift -mxl-pattern-compare -mcpu=v8.50.c -mno-xl-soft-mul -mhard-float -Wl,--no-relax -Wl,--gc-sections -o "Microblaze_AI.elf"  ./src/testperiph.o ./src/xgpio_tapp_example.o ./src/xuartlite_selftest_example.o   -Wl,--start-group,-lxil,-lgcc,-lc,--end-group
Finished building target: Microblaze_AI.elf
 
Invoking: MicroBlaze Print Size
mb-size Microblaze_AI.elf  |tee "Microblaze_AI.elf.size"
   text	   data	    bss	    dec	    hex	filename
   3102	    368	   2120	   5590	   15d6	Microblaze_AI.elf
Finished building: Microblaze_AI.elf.size
 
Invoking: Xilinx ELF Check
elfcheck Microblaze_AI.elf -hw ../../MicroBlaze_hw_platform/system.xml -pe microblaze_0  |tee "Microblaze_AI.elf.elfcheck"
elfcheck
Xilinx EDK 14.7 Build EDK_P.20131013
Copyright (c) 1995-2012 Xilinx, Inc.  All rights reserved.

Command Line: elfcheck -hw ../../MicroBlaze_hw_platform/system.xml -pe
microblaze_0 Microblaze_AI.elf 

ELF file	: Microblaze_AI.elf
elfcheck passed.
Finished building: Microblaze_AI.elf.elfcheck
 
16:55:53 **** Auto Build of configuration Release for project Microblaze_AI ****
make all 
Building file: ../src/testperiph.c
Invoking: MicroBlaze gcc compiler
mb-gcc -Wall -O2 -c -fmessage-length=0 -I../../standalone_bsp_0/microblaze_0/include -mlittle-endian -mxl-barrel-shift -mxl-pattern-compare -mcpu=v8.50.c -mno-xl-soft-mul -mhard-float -Wl,--no-relax -ffunction-sections -fdata-sections -MMD -MP -MF"src/testperiph.d" -MT"src/testperiph.d" -o "src/testperiph.o" "../src/testperiph.c"
../src/testperiph.c: In function 'main':
../src/testperiph.c:55:8: warning: unused variable 'syncBuffer' [-Wunused-variable]
../src/testperiph.c:54:8: warning: unused variable 'statusSync' [-Wunused-variable]
../src/testperiph.c:53:8: warning: variable 'statusBatY' set but not used [-Wunused-but-set-variable]
Finished building: ../src/testperiph.c
 
Building target: Microblaze_AI.elf
Invoking: MicroBlaze gcc linker
mb-gcc -Wl,-T -Wl,../src/lscript.ld -L../../standalone_bsp_0/microblaze_0/lib -mlittle-endian -mxl-barrel-shift -mxl-pattern-compare -mcpu=v8.50.c -mno-xl-soft-mul -mhard-float -Wl,--no-relax -Wl,--gc-sections -o "Microblaze_AI.elf"  ./src/testperiph.o ./src/xgpio_tapp_example.o ./src/xuartlite_selftest_example.o   -Wl,--start-group,-lxil,-lgcc,-lc,--end-group
../src/testperiph.c:86:12: warning: 'DataReadSync' is used uninitialized in this function [-Wuninitialized]
../src/testperiph.c:85:27: warning: 'BallBuffer[3]' may be used uninitialized in this function [-Wuninitialized]
Finished building target: Microblaze_AI.elf
 
Invoking: MicroBlaze Print Size
mb-size Microblaze_AI.elf  |tee "Microblaze_AI.elf.size"
   text	   data	    bss	    dec	    hex	filename
   3150	    368	   2120	   5638	   1606	Microblaze_AI.elf
Finished building: Microblaze_AI.elf.size
 
Invoking: Xilinx ELF Check
elfcheck Microblaze_AI.elf -hw ../../MicroBlaze_hw_platform/system.xml -pe microblaze_0  |tee "Microblaze_AI.elf.elfcheck"
../src/testperiph.c:85:57: warning: 'BallBuffer[2]' may be used uninitialized in this function [-Wuninitialized]
elfcheck
Xilinx EDK 14.7 Build EDK_P.20131013
Copyright (c) 1995-2012 Xilinx, Inc.  All rights reserved.

Command Line: elfcheck -hw ../../MicroBlaze_hw_platform/system.xml -pe
microblaze_0 Microblaze_AI.elf 

ELF file	: Microblaze_AI.elf
elfcheck passed.
Finished building: Microblaze_AI.elf.elfcheck
 
16:56:16 **** Auto Build of project standalone_bsp_0 ****
make -k all 
Finished building libraries
16:57:09 **** Auto Build of configuration Release for project Microblaze_AI ****
make all 
Building file: ../src/testperiph.c
Invoking: MicroBlaze gcc compiler
mb-gcc -Wall -O2 -c -fmessage-length=0 -I../../standalone_bsp_0/microblaze_0/include -mlittle-endian -mxl-barrel-shift -mxl-pattern-compare -mcpu=v8.50.c -mno-xl-soft-mul -mhard-float -Wl,--no-relax -ffunction-sections -fdata-sections -MMD -MP -MF"src/testperiph.d" -MT"src/testperiph.d" -o "src/testperiph.o" "../src/testperiph.c"
../src/testperiph.c: In function 'main':
../src/testperiph.c:55:8: warning: unused variable 'syncBuffer' [-Wunused-variable]
../src/testperiph.c:54:8: warning: unused variable 'statusSync' [-Wunused-variable]
../src/testperiph.c:53:8: warning: variable 'statusBatY' set but not used [-Wunused-but-set-variable]
../src/testperiph.c:89:12: warning: 'DataReadSync' is used uninitialized in this function [-Wuninitialized]
Finished building: ../src/testperiph.c
 
Building target: Microblaze_AI.elf
Invoking: MicroBlaze gcc linker
mb-gcc -Wl,-T -Wl,../src/lscript.ld -L../../standalone_bsp_0/microblaze_0/lib -mlittle-endian -mxl-barrel-shift -mxl-pattern-compare -mcpu=v8.50.c -mno-xl-soft-mul -mhard-float -Wl,--no-relax -Wl,--gc-sections -o "Microblaze_AI.elf"  ./src/testperiph.o ./src/xgpio_tapp_example.o ./src/xuartlite_selftest_example.o   -Wl,--start-group,-lxil,-lgcc,-lc,--end-group
Finished building target: Microblaze_AI.elf
 
Invoking: MicroBlaze Print Size
mb-size Microblaze_AI.elf  |tee "Microblaze_AI.elf.size"
   text	   data	    bss	    dec	    hex	filename
   3142	    368	   2120	   5630	   15fe	Microblaze_AI.elf
Finished building: Microblaze_AI.elf.size
 
Invoking: Xilinx ELF Check
elfcheck Microblaze_AI.elf -hw ../../MicroBlaze_hw_platform/system.xml -pe microblaze_0  |tee "Microblaze_AI.elf.elfcheck"
elfcheck
Xilinx EDK 14.7 Build EDK_P.20131013
Copyright (c) 1995-2012 Xilinx, Inc.  All rights reserved.

Command Line: elfcheck -hw ../../MicroBlaze_hw_platform/system.xml -pe
microblaze_0 Microblaze_AI.elf 

ELF file	: Microblaze_AI.elf
elfcheck passed.
Finished building: Microblaze_AI.elf.elfcheck
 
16:57:47 **** Auto Build of project standalone_bsp_0 ****
make -k all 
Finished building libraries
16:58:30 **** Auto Build of configuration Release for project Microblaze_AI ****
make all 
Building file: ../src/testperiph.c
Invoking: MicroBlaze gcc compiler
mb-gcc -Wall -O2 -c -fmessage-length=0 -I../../standalone_bsp_0/microblaze_0/include -mlittle-endian -mxl-barrel-shift -mxl-pattern-compare -mcpu=v8.50.c -mno-xl-soft-mul -mhard-float -Wl,--no-relax -ffunction-sections -fdata-sections -MMD -MP -MF"src/testperiph.d" -MT"src/testperiph.d" -o "src/testperiph.o" "../src/testperiph.c"
../src/testperiph.c: In function 'main':
../src/testperiph.c:55:8: warning: unused variable 'syncBuffer' [-Wunused-variable]
../src/testperiph.c:54:8: warning: unused variable 'statusSync' [-Wunused-variable]
../src/testperiph.c:53:8: warning: variable 'statusBatY' set but not used [-Wunused-but-set-variable]
../src/testperiph.c:89:12: warning: 'DataReadSync' is used uninitialized in this function [-Wuninitialized]
Finished building: ../src/testperiph.c
 
Building target: Microblaze_AI.elf
Invoking: MicroBlaze gcc linker
mb-gcc -Wl,-T -Wl,../src/lscript.ld -L../../standalone_bsp_0/microblaze_0/lib -mlittle-endian -mxl-barrel-shift -mxl-pattern-compare -mcpu=v8.50.c -mno-xl-soft-mul -mhard-float -Wl,--no-relax -Wl,--gc-sections -o "Microblaze_AI.elf"  ./src/testperiph.o ./src/xgpio_tapp_example.o ./src/xuartlite_selftest_example.o   -Wl,--start-group,-lxil,-lgcc,-lc,--end-group
Finished building target: Microblaze_AI.elf
 
Invoking: MicroBlaze Print Size
mb-size Microblaze_AI.elf  |tee "Microblaze_AI.elf.size"
   text	   data	    bss	    dec	    hex	filename
   3138	    368	   2126	   5632	   1600	Microblaze_AI.elf
Finished building: Microblaze_AI.elf.size
 
Invoking: Xilinx ELF Check
elfcheck Microblaze_AI.elf -hw ../../MicroBlaze_hw_platform/system.xml -pe microblaze_0  |tee "Microblaze_AI.elf.elfcheck"
elfcheck
Xilinx EDK 14.7 Build EDK_P.20131013
Copyright (c) 1995-2012 Xilinx, Inc.  All rights reserved.

Command Line: elfcheck -hw ../../MicroBlaze_hw_platform/system.xml -pe
microblaze_0 Microblaze_AI.elf 

ELF file	: Microblaze_AI.elf
elfcheck passed.
Finished building: Microblaze_AI.elf.elfcheck
 
16:58:47 **** Auto Build of project standalone_bsp_0 ****
make -k all 
Finished building libraries
16:58:59 **** Auto Build of configuration Release for project Microblaze_AI ****
make all 
Building file: ../src/testperiph.c
Invoking: MicroBlaze gcc compiler
mb-gcc -Wall -O2 -c -fmessage-length=0 -I../../standalone_bsp_0/microblaze_0/include -mlittle-endian -mxl-barrel-shift -mxl-pattern-compare -mcpu=v8.50.c -mno-xl-soft-mul -mhard-float -Wl,--no-relax -ffunction-sections -fdata-sections -MMD -MP -MF"src/testperiph.d" -MT"src/testperiph.d" -o "src/testperiph.o" "../src/testperiph.c"
../src/testperiph.c: In function 'main':
../src/testperiph.c:55:8: warning: unused variable 'syncBuffer' [-Wunused-variable]
../src/testperiph.c:54:8: warning: unused variable 'statusSync' [-Wunused-variable]
Finished building: ../src/testperiph.c
 
Building target: Microblaze_AI.elf
Invoking: MicroBlaze gcc linker
mb-gcc -Wl,-T -Wl,../src/lscript.ld -L../../standalone_bsp_0/microblaze_0/lib -mlittle-endian -mxl-barrel-shift -mxl-pattern-compare -mcpu=v8.50.c -mno-xl-soft-mul -mhard-float -Wl,--no-relax -Wl,--gc-sections -o "Microblaze_AI.elf"  ./src/testperiph.o ./src/xgpio_tapp_example.o ./src/xuartlite_selftest_example.o   -Wl,--start-group,-lxil,-lgcc,-lc,--end-group
../src/testperiph.c:53:8: warning: variable 'statusBatY' set but not used [-Wunused-but-set-variable]
../src/testperiph.c:89:12: warning: 'DataReadSync' is used uninitialized in this function [-Wuninitialized]
Finished building target: Microblaze_AI.elf
 
Invoking: MicroBlaze Print Size
mb-size Microblaze_AI.elf  |tee "Microblaze_AI.elf.size"
   text	   data	    bss	    dec	    hex	filename
   3098	    368	   2126	   5592	   15d8	Microblaze_AI.elf
Finished building: Microblaze_AI.elf.size
 
Invoking: Xilinx ELF Check
elfcheck Microblaze_AI.elf -hw ../../MicroBlaze_hw_platform/system.xml -pe microblaze_0  |tee "Microblaze_AI.elf.elfcheck"
elfcheck
Xilinx EDK 14.7 Build EDK_P.20131013
Copyright (c) 1995-2012 Xilinx, Inc.  All rights reserved.

Command Line: elfcheck -hw ../../MicroBlaze_hw_platform/system.xml -pe
microblaze_0 Microblaze_AI.elf 

ELF file	: Microblaze_AI.elf
elfcheck passed.
Finished building: Microblaze_AI.elf.elfcheck
 
16:59:20 **** Auto Build of configuration Release for project Microblaze_AI ****
make all 
Building file: ../src/testperiph.c
Invoking: MicroBlaze gcc compiler
mb-gcc -Wall -O2 -c -fmessage-length=0 -I../../standalone_bsp_0/microblaze_0/include -mlittle-endian -mxl-barrel-shift -mxl-pattern-compare -mcpu=v8.50.c -mno-xl-soft-mul -mhard-float -Wl,--no-relax -ffunction-sections -fdata-sections -MMD -MP -MF"src/testperiph.d" -MT"src/testperiph.d" -o "src/testperiph.o" "../src/testperiph.c"
../src/testperiph.c: In function 'main':
../src/testperiph.c:55:8: warning: unused variable 'syncBuffer' [-Wunused-variable]
../src/testperiph.c:54:20: warning: unused variable 'DataReadSync' [-Wunused-variable]
../src/testperiph.c:54:8: warning: unused variable 'statusSync' [-Wunused-variable]
../src/testperiph.c:53:8: warning: variable 'statusBatY' set but not used [-Wunused-but-set-variable]
Finished building: ../src/testperiph.c
 
Building target: Microblaze_AI.elf
Invoking: MicroBlaze gcc linker
mb-gcc -Wl,-T -Wl,../src/lscript.ld -L../../standalone_bsp_0/microblaze_0/lib -mlittle-endian -mxl-barrel-shift -mxl-pattern-compare -mcpu=v8.50.c -mno-xl-soft-mul -mhard-float -Wl,--no-relax -Wl,--gc-sections -o "Microblaze_AI.elf"  ./src/testperiph.o ./src/xgpio_tapp_example.o ./src/xuartlite_selftest_example.o   -Wl,--start-group,-lxil,-lgcc,-lc,--end-group
Finished building target: Microblaze_AI.elf
 
Invoking: MicroBlaze Print Size
mb-size Microblaze_AI.elf  |tee "Microblaze_AI.elf.size"
   text	   data	    bss	    dec	    hex	filename
   6126	    372	   2124	   8622	   21ae	Microblaze_AI.elf
Finished building: Microblaze_AI.elf.size
 
Invoking: Xilinx ELF Check
elfcheck Microblaze_AI.elf -hw ../../MicroBlaze_hw_platform/system.xml -pe microblaze_0  |tee "Microblaze_AI.elf.elfcheck"
elfcheck
Xilinx EDK 14.7 Build EDK_P.20131013
Copyright (c) 1995-2012 Xilinx, Inc.  All rights reserved.

Command Line: elfcheck -hw ../../MicroBlaze_hw_platform/system.xml -pe
microblaze_0 Microblaze_AI.elf 

ELF file	: Microblaze_AI.elf
elfcheck passed.
Finished building: Microblaze_AI.elf.elfcheck
 
16:59:37 **** Auto Build of configuration Release for project Microblaze_AI ****
make all 
Building file: ../src/testperiph.c
Invoking: MicroBlaze gcc compiler
mb-gcc -Wall -O2 -c -fmessage-length=0 -I../../standalone_bsp_0/microblaze_0/include -mlittle-endian -mxl-barrel-shift -mxl-pattern-compare -mcpu=v8.50.c -mno-xl-soft-mul -mhard-float -Wl,--no-relax -ffunction-sections -fdata-sections -MMD -MP -MF"src/testperiph.d" -MT"src/testperiph.d" -o "src/testperiph.o" "../src/testperiph.c"
../src/testperiph.c: In function 'main':
../src/testperiph.c:55:8: warning: unused variable 'syncBuffer' [-Wunused-variable]
../src/testperiph.c:54:20: warning: unused variable 'DataReadSync' [-Wunused-variable]
../src/testperiph.c:54:8: warning: unused variable 'statusSync' [-Wunused-variable]
../src/testperiph.c:53:8: warning: variable 'statusBatY' set but not used [-Wunused-but-set-variable]
Finished building: ../src/testperiph.c
 
Building target: Microblaze_AI.elf
Invoking: MicroBlaze gcc linker
mb-gcc -Wl,-T -Wl,../src/lscript.ld -L../../standalone_bsp_0/microblaze_0/lib -mlittle-endian -mxl-barrel-shift -mxl-pattern-compare -mcpu=v8.50.c -mno-xl-soft-mul -mhard-float -Wl,--no-relax -Wl,--gc-sections -o "Microblaze_AI.elf"  ./src/testperiph.o ./src/xgpio_tapp_example.o ./src/xuartlite_selftest_example.o   -Wl,--start-group,-lxil,-lgcc,-lc,--end-group
Finished building target: Microblaze_AI.elf
 
Invoking: MicroBlaze Print Size
mb-size Microblaze_AI.elf  |tee "Microblaze_AI.elf.size"
   text	   data	    bss	    dec	    hex	filename
   6150	    372	   2124	   8646	   21c6	Microblaze_AI.elf
Finished building: Microblaze_AI.elf.size
 
Invoking: Xilinx ELF Check
elfcheck Microblaze_AI.elf -hw ../../MicroBlaze_hw_platform/system.xml -pe microblaze_0  |tee "Microblaze_AI.elf.elfcheck"
elfcheck
Xilinx EDK 14.7 Build EDK_P.20131013
Copyright (c) 1995-2012 Xilinx, Inc.  All rights reserved.

Command Line: elfcheck -hw ../../MicroBlaze_hw_platform/system.xml -pe
microblaze_0 Microblaze_AI.elf 

ELF file	: Microblaze_AI.elf
elfcheck passed.
Finished building: Microblaze_AI.elf.elfcheck
 
16:59:42 **** Auto Build of configuration Release for project Microblaze_AI ****
make all 
Building file: ../src/testperiph.c
Invoking: MicroBlaze gcc compiler
mb-gcc -Wall -O2 -c -fmessage-length=0 -I../../standalone_bsp_0/microblaze_0/include -mlittle-endian -mxl-barrel-shift -mxl-pattern-compare -mcpu=v8.50.c -mno-xl-soft-mul -mhard-float -Wl,--no-relax -ffunction-sections -fdata-sections -MMD -MP -MF"src/testperiph.d" -MT"src/testperiph.d" -o "src/testperiph.o" "../src/testperiph.c"
../src/testperiph.c: In function 'main':
../src/testperiph.c:55:8: warning: unused variable 'syncBuffer' [-Wunused-variable]
../src/testperiph.c:54:20: warning: unused variable 'DataReadSync' [-Wunused-variable]
../src/testperiph.c:54:8: warning: unused variable 'statusSync' [-Wunused-variable]
../src/testperiph.c:53:8: warning: variable 'statusBatY' set but not used [-Wunused-but-set-variable]
Finished building: ../src/testperiph.c
 
Building target: Microblaze_AI.elf
Invoking: MicroBlaze gcc linker
mb-gcc -Wl,-T -Wl,../src/lscript.ld -L../../standalone_bsp_0/microblaze_0/lib -mlittle-endian -mxl-barrel-shift -mxl-pattern-compare -mcpu=v8.50.c -mno-xl-soft-mul -mhard-float -Wl,--no-relax -Wl,--gc-sections -o "Microblaze_AI.elf"  ./src/testperiph.o ./src/xgpio_tapp_example.o ./src/xuartlite_selftest_example.o   -Wl,--start-group,-lxil,-lgcc,-lc,--end-group
Finished building target: Microblaze_AI.elf
 
Invoking: MicroBlaze Print Size
mb-size Microblaze_AI.elf  |tee "Microblaze_AI.elf.size"
   text	   data	    bss	    dec	    hex	filename
   6186	    372	   2130	   8688	   21f0	Microblaze_AI.elf
Finished building: Microblaze_AI.elf.size
 
Invoking: Xilinx ELF Check
elfcheck Microblaze_AI.elf -hw ../../MicroBlaze_hw_platform/system.xml -pe microblaze_0  |tee "Microblaze_AI.elf.elfcheck"
elfcheck
Xilinx EDK 14.7 Build EDK_P.20131013
Copyright (c) 1995-2012 Xilinx, Inc.  All rights reserved.

Command Line: elfcheck -hw ../../MicroBlaze_hw_platform/system.xml -pe
microblaze_0 Microblaze_AI.elf 

ELF file	: Microblaze_AI.elf
elfcheck passed.
Finished building: Microblaze_AI.elf.elfcheck
 
16:59:58 **** Auto Build of project standalone_bsp_0 ****
make -k all 
Finished building libraries
17:01:20 **** Auto Build of configuration Release for project Microblaze_AI ****
make all 
Building file: ../src/testperiph.c
Invoking: MicroBlaze gcc compiler
mb-gcc -Wall -O2 -c -fmessage-length=0 -I../../standalone_bsp_0/microblaze_0/include -mlittle-endian -mxl-barrel-shift -mxl-pattern-compare -mcpu=v8.50.c -mno-xl-soft-mul -mhard-float -Wl,--no-relax -ffunction-sections -fdata-sections -MMD -MP -MF"src/testperiph.d" -MT"src/testperiph.d" -o "src/testperiph.o" "../src/testperiph.c"
Finished building: ../src/testperiph.c
 
Building target: Microblaze_AI.elf
../src/testperiph.c: In function 'main':
../src/testperiph.c:55:8: warning: unused variable 'syncBuffer' [-Wunused-variable]
../src/testperiph.c:54:20: warning: unused variable 'DataReadSync' [-Wunused-variable]
../src/testperiph.c:54:8: warning: unused variable 'statusSync' [-Wunused-variable]
Invoking: MicroBlaze gcc linker
mb-gcc -Wl,-T -Wl,../src/lscript.ld -L../../standalone_bsp_0/microblaze_0/lib -mlittle-endian -mxl-barrel-shift -mxl-pattern-compare -mcpu=v8.50.c -mno-xl-soft-mul -mhard-float -Wl,--no-relax -Wl,--gc-sections -o "Microblaze_AI.elf"  ./src/testperiph.o ./src/xgpio_tapp_example.o ./src/xuartlite_selftest_example.o   -Wl,--start-group,-lxil,-lgcc,-lc,--end-group
../src/testperiph.c:53:8: warning: variable 'statusBatY' set but not used [-Wunused-but-set-variable]
Finished building target: Microblaze_AI.elf
 
Invoking: MicroBlaze Print Size
mb-size Microblaze_AI.elf  |tee "Microblaze_AI.elf.size"
   text	   data	    bss	    dec	    hex	filename
   3562	    368	   2126	   6056	   17a8	Microblaze_AI.elf
Finished building: Microblaze_AI.elf.size
 
Invoking: Xilinx ELF Check
elfcheck Microblaze_AI.elf -hw ../../MicroBlaze_hw_platform/system.xml -pe microblaze_0  |tee "Microblaze_AI.elf.elfcheck"
elfcheck
Xilinx EDK 14.7 Build EDK_P.20131013
Copyright (c) 1995-2012 Xilinx, Inc.  All rights reserved.

Command Line: elfcheck -hw ../../MicroBlaze_hw_platform/system.xml -pe
microblaze_0 Microblaze_AI.elf 

ELF file	: Microblaze_AI.elf
elfcheck passed.
Finished building: Microblaze_AI.elf.elfcheck
 
17:01:40 **** Auto Build of project standalone_bsp_0 ****
make -k all 
Finished building libraries
17:08:24 **** Auto Build of configuration Release for project Microblaze_AI ****
make all 
Building file: ../src/testperiph.c
Invoking: MicroBlaze gcc compiler
mb-gcc -Wall -O2 -c -fmessage-length=0 -I../../standalone_bsp_0/microblaze_0/include -mlittle-endian -mxl-barrel-shift -mxl-pattern-compare -mcpu=v8.50.c -mno-xl-soft-mul -mhard-float -Wl,--no-relax -ffunction-sections -fdata-sections -MMD -MP -MF"src/testperiph.d" -MT"src/testperiph.d" -o "src/testperiph.o" "../src/testperiph.c"
../src/testperiph.c: In function 'main':
../src/testperiph.c:55:8: warning: unused variable 'syncBuffer' [-Wunused-variable]
../src/testperiph.c:54:20: warning: unused variable 'DataReadSync' [-Wunused-variable]
../src/testperiph.c:54:8: warning: unused variable 'statusSync' [-Wunused-variable]
Finished building: ../src/testperiph.c
 
../src/testperiph.c:53:8: warning: variable 'statusBatY' set but not used [-Wunused-but-set-variable]
Building target: Microblaze_AI.elf
Invoking: MicroBlaze gcc linker
mb-gcc -Wl,-T -Wl,../src/lscript.ld -L../../standalone_bsp_0/microblaze_0/lib -mlittle-endian -mxl-barrel-shift -mxl-pattern-compare -mcpu=v8.50.c -mno-xl-soft-mul -mhard-float -Wl,--no-relax -Wl,--gc-sections -o "Microblaze_AI.elf"  ./src/testperiph.o ./src/xgpio_tapp_example.o ./src/xuartlite_selftest_example.o   -Wl,--start-group,-lxil,-lgcc,-lc,--end-group
Finished building target: Microblaze_AI.elf
 
Invoking: MicroBlaze Print Size
mb-size Microblaze_AI.elf  |tee "Microblaze_AI.elf.size"
   text	   data	    bss	    dec	    hex	filename
   6266	    368	   2126	   8760	   2238	Microblaze_AI.elf
Finished building: Microblaze_AI.elf.size
 
Invoking: Xilinx ELF Check
elfcheck Microblaze_AI.elf -hw ../../MicroBlaze_hw_platform/system.xml -pe microblaze_0  |tee "Microblaze_AI.elf.elfcheck"
elfcheck
Xilinx EDK 14.7 Build EDK_P.20131013
Copyright (c) 1995-2012 Xilinx, Inc.  All rights reserved.

Command Line: elfcheck -hw ../../MicroBlaze_hw_platform/system.xml -pe
microblaze_0 Microblaze_AI.elf 

ELF file	: Microblaze_AI.elf
elfcheck passed.
Finished building: Microblaze_AI.elf.elfcheck
 
17:08:43 **** Auto Build of configuration Release for project Microblaze_AI ****
make all 
Building file: ../src/testperiph.c
Invoking: MicroBlaze gcc compiler
mb-gcc -Wall -O2 -c -fmessage-length=0 -I../../standalone_bsp_0/microblaze_0/include -mlittle-endian -mxl-barrel-shift -mxl-pattern-compare -mcpu=v8.50.c -mno-xl-soft-mul -mhard-float -Wl,--no-relax -ffunction-sections -fdata-sections -MMD -MP -MF"src/testperiph.d" -MT"src/testperiph.d" -o "src/testperiph.o" "../src/testperiph.c"
../src/testperiph.c: In function 'main':
../src/testperiph.c:55:8: warning: unused variable 'syncBuffer' [-Wunused-variable]
../src/testperiph.c:54:20: warning: unused variable 'DataReadSync' [-Wunused-variable]
Finished building: ../src/testperiph.c
 
Building target: Microblaze_AI.elf
Invoking: MicroBlaze gcc linker
mb-gcc -Wl,-T -Wl,../src/lscript.ld -L../../standalone_bsp_0/microblaze_0/lib -mlittle-endian -mxl-barrel-shift -mxl-pattern-compare -mcpu=v8.50.c -mno-xl-soft-mul -mhard-float -Wl,--no-relax -Wl,--gc-sections -o "Microblaze_AI.elf"  ./src/testperiph.o ./src/xgpio_tapp_example.o ./src/xuartlite_selftest_example.o   -Wl,--start-group,-lxil,-lgcc,-lc,--end-group
../src/testperiph.c:54:8: warning: unused variable 'statusSync' [-Wunused-variable]
../src/testperiph.c:53:8: warning: variable 'statusBatY' set but not used [-Wunused-but-set-variable]
Finished building target: Microblaze_AI.elf
 
Invoking: MicroBlaze Print Size
mb-size Microblaze_AI.elf  |tee "Microblaze_AI.elf.size"
   text	   data	    bss	    dec	    hex	filename
   9014	    372	   2124	  11510	   2cf6	Microblaze_AI.elf
Finished building: Microblaze_AI.elf.size
 
Invoking: Xilinx ELF Check
elfcheck Microblaze_AI.elf -hw ../../MicroBlaze_hw_platform/system.xml -pe microblaze_0  |tee "Microblaze_AI.elf.elfcheck"
elfcheck
Xilinx EDK 14.7 Build EDK_P.20131013
Copyright (c) 1995-2012 Xilinx, Inc.  All rights reserved.

Command Line: elfcheck -hw ../../MicroBlaze_hw_platform/system.xml -pe
microblaze_0 Microblaze_AI.elf 

ELF file	: Microblaze_AI.elf
elfcheck passed.
Finished building: Microblaze_AI.elf.elfcheck
 
17:09:11 **** Auto Build of project standalone_bsp_0 ****
make -k all 
Finished building libraries
17:10:42 **** Auto Build of configuration Release for project Microblaze_AI ****
make all 
Building file: ../src/testperiph.c
Invoking: MicroBlaze gcc compiler
mb-gcc -Wall -O2 -c -fmessage-length=0 -I../../standalone_bsp_0/microblaze_0/include -mlittle-endian -mxl-barrel-shift -mxl-pattern-compare -mcpu=v8.50.c -mno-xl-soft-mul -mhard-float -Wl,--no-relax -ffunction-sections -fdata-sections -MMD -MP -MF"src/testperiph.d" -MT"src/testperiph.d" -o "src/testperiph.o" "../src/testperiph.c"
../src/testperiph.c: In function 'main':
Finished building: ../src/testperiph.c
../src/testperiph.c:55:8: warning: unused variable 'syncBuffer' [-Wunused-variable]
../src/testperiph.c:54:20: warning: unused variable 'DataReadSync' [-Wunused-variable]
../src/testperiph.c:54:8: warning: unused variable 'statusSync' [-Wunused-variable]
../src/testperiph.c:53:8: warning: variable 'statusBatY' set but not used [-Wunused-but-set-variable]
 
Building target: Microblaze_AI.elf
Invoking: MicroBlaze gcc linker
mb-gcc -Wl,-T -Wl,../src/lscript.ld -L../../standalone_bsp_0/microblaze_0/lib -mlittle-endian -mxl-barrel-shift -mxl-pattern-compare -mcpu=v8.50.c -mno-xl-soft-mul -mhard-float -Wl,--no-relax -Wl,--gc-sections -o "Microblaze_AI.elf"  ./src/testperiph.o ./src/xgpio_tapp_example.o ./src/xuartlite_selftest_example.o   -Wl,--start-group,-lxil,-lgcc,-lc,--end-group
Finished building target: Microblaze_AI.elf
 
Invoking: MicroBlaze Print Size
mb-size Microblaze_AI.elf  |tee "Microblaze_AI.elf.size"
   text	   data	    bss	    dec	    hex	filename
   9014	    372	   2124	  11510	   2cf6	Microblaze_AI.elf
Finished building: Microblaze_AI.elf.size
 
Invoking: Xilinx ELF Check
elfcheck Microblaze_AI.elf -hw ../../MicroBlaze_hw_platform/system.xml -pe microblaze_0  |tee "Microblaze_AI.elf.elfcheck"
elfcheck
Xilinx EDK 14.7 Build EDK_P.20131013
Copyright (c) 1995-2012 Xilinx, Inc.  All rights reserved.

Command Line: elfcheck -hw ../../MicroBlaze_hw_platform/system.xml -pe
microblaze_0 Microblaze_AI.elf 

ELF file	: Microblaze_AI.elf
elfcheck passed.
Finished building: Microblaze_AI.elf.elfcheck
 
17:14:25 **** Auto Build of project standalone_bsp_0 ****
make -k all 
Finished building libraries
17:19:15 **** Auto Build of configuration Release for project Microblaze_AI ****
make all 
Building file: ../src/testperiph.c
Invoking: MicroBlaze gcc compiler
mb-gcc -Wall -O2 -c -fmessage-length=0 -I../../standalone_bsp_0/microblaze_0/include -mlittle-endian -mxl-barrel-shift -mxl-pattern-compare -mcpu=v8.50.c -mno-xl-soft-mul -mhard-float -Wl,--no-relax -ffunction-sections -fdata-sections -MMD -MP -MF"src/testperiph.d" -MT"src/testperiph.d" -o "src/testperiph.o" "../src/testperiph.c"
../src/testperiph.c: In function 'main':
../src/testperiph.c:55:8: warning: unused variable 'syncBuffer' [-Wunused-variable]
../src/testperiph.c:54:20: warning: unused variable 'DataReadSync' [-Wunused-variable]
../src/testperiph.c:54:8: warning: unused variable 'statusSync' [-Wunused-variable]
../src/testperiph.c:53:8: warning: variable 'statusBatY' set but not used [-Wunused-but-set-variable]
Finished building: ../src/testperiph.c
 
Building target: Microblaze_AI.elf
Invoking: MicroBlaze gcc linker
mb-gcc -Wl,-T -Wl,../src/lscript.ld -L../../standalone_bsp_0/microblaze_0/lib -mlittle-endian -mxl-barrel-shift -mxl-pattern-compare -mcpu=v8.50.c -mno-xl-soft-mul -mhard-float -Wl,--no-relax -Wl,--gc-sections -o "Microblaze_AI.elf"  ./src/testperiph.o ./src/xgpio_tapp_example.o ./src/xuartlite_selftest_example.o   -Wl,--start-group,-lxil,-lgcc,-lc,--end-group
Finished building target: Microblaze_AI.elf
 
Invoking: MicroBlaze Print Size
mb-size Microblaze_AI.elf  |tee "Microblaze_AI.elf.size"
   text	   data	    bss	    dec	    hex	filename
   8974	    372	   2124	  11470	   2cce	Microblaze_AI.elf
Finished building: Microblaze_AI.elf.size
 
Invoking: Xilinx ELF Check
elfcheck Microblaze_AI.elf -hw ../../MicroBlaze_hw_platform/system.xml -pe microblaze_0  |tee "Microblaze_AI.elf.elfcheck"
elfcheck
Xilinx EDK 14.7 Build EDK_P.20131013
Copyright (c) 1995-2012 Xilinx, Inc.  All rights reserved.

Command Line: elfcheck -hw ../../MicroBlaze_hw_platform/system.xml -pe
microblaze_0 Microblaze_AI.elf 

ELF file	: Microblaze_AI.elf
elfcheck passed.
Finished building: Microblaze_AI.elf.elfcheck
 
17:19:38 **** Auto Build of project standalone_bsp_0 ****
make -k all 
Finished building libraries
17:21:01 **** Auto Build of configuration Release for project Microblaze_AI ****
make all 
Building file: ../src/testperiph.c
Invoking: MicroBlaze gcc compiler
mb-gcc -Wall -O2 -c -fmessage-length=0 -I../../standalone_bsp_0/microblaze_0/include -mlittle-endian -mxl-barrel-shift -mxl-pattern-compare -mcpu=v8.50.c -mno-xl-soft-mul -mhard-float -Wl,--no-relax -ffunction-sections -fdata-sections -MMD -MP -MF"src/testperiph.d" -MT"src/testperiph.d" -o "src/testperiph.o" "../src/testperiph.c"
../src/testperiph.c: In function 'main':
../src/testperiph.c:55:8: warning: unused variable 'syncBuffer' [-Wunused-variable]
../src/testperiph.c:54:20: warning: unused variable 'DataReadSync' [-Wunused-variable]
../src/testperiph.c:54:8: warning: unused variable 'statusSync' [-Wunused-variable]
../src/testperiph.c:53:8: warning: variable 'statusBatY' set but not used [-Wunused-but-set-variable]
Finished building: ../src/testperiph.c
 
Building target: Microblaze_AI.elf
Invoking: MicroBlaze gcc linker
mb-gcc -Wl,-T -Wl,../src/lscript.ld -L../../standalone_bsp_0/microblaze_0/lib -mlittle-endian -mxl-barrel-shift -mxl-pattern-compare -mcpu=v8.50.c -mno-xl-soft-mul -mhard-float -Wl,--no-relax -Wl,--gc-sections -o "Microblaze_AI.elf"  ./src/testperiph.o ./src/xgpio_tapp_example.o ./src/xuartlite_selftest_example.o   -Wl,--start-group,-lxil,-lgcc,-lc,--end-group
Finished building target: Microblaze_AI.elf
 
Invoking: MicroBlaze Print Size
mb-size Microblaze_AI.elf  |tee "Microblaze_AI.elf.size"
   text	   data	    bss	    dec	    hex	filename
   8582	    372	   2124	  11078	   2b46	Microblaze_AI.elf
Finished building: Microblaze_AI.elf.size
 
Invoking: Xilinx ELF Check
elfcheck Microblaze_AI.elf -hw ../../MicroBlaze_hw_platform/system.xml -pe microblaze_0  |tee "Microblaze_AI.elf.elfcheck"
elfcheck
Xilinx EDK 14.7 Build EDK_P.20131013
Copyright (c) 1995-2012 Xilinx, Inc.  All rights reserved.

Command Line: elfcheck -hw ../../MicroBlaze_hw_platform/system.xml -pe
microblaze_0 Microblaze_AI.elf 

ELF file	: Microblaze_AI.elf
elfcheck passed.
Finished building: Microblaze_AI.elf.elfcheck
 
17:21:15 **** Auto Build of configuration Release for project Microblaze_AI ****
make all 
Building file: ../src/testperiph.c
../src/testperiph.c: In function 'main':
Invoking: MicroBlaze gcc compiler
mb-gcc -Wall -O2 -c -fmessage-length=0 -I../../standalone_bsp_0/microblaze_0/include -mlittle-endian -mxl-barrel-shift -mxl-pattern-compare -mcpu=v8.50.c -mno-xl-soft-mul -mhard-float -Wl,--no-relax -ffunction-sections -fdata-sections -MMD -MP -MF"src/testperiph.d" -MT"src/testperiph.d" -o "src/testperiph.o" "../src/testperiph.c"
Finished building: ../src/testperiph.c
 
../src/testperiph.c:55:8: warning: unused variable 'syncBuffer' [-Wunused-variable]
../src/testperiph.c:54:20: warning: unused variable 'DataReadSync' [-Wunused-variable]
Building target: Microblaze_AI.elf
Invoking: MicroBlaze gcc linker
mb-gcc -Wl,-T -Wl,../src/lscript.ld -L../../standalone_bsp_0/microblaze_0/lib -mlittle-endian -mxl-barrel-shift -mxl-pattern-compare -mcpu=v8.50.c -mno-xl-soft-mul -mhard-float -Wl,--no-relax -Wl,--gc-sections -o "Microblaze_AI.elf"  ./src/testperiph.o ./src/xgpio_tapp_example.o ./src/xuartlite_selftest_example.o   -Wl,--start-group,-lxil,-lgcc,-lc,--end-group
../src/testperiph.c:54:8: warning: unused variable 'statusSync' [-Wunused-variable]
../src/testperiph.c:53:8: warning: variable 'statusBatY' set but not used [-Wunused-but-set-variable]
Finished building target: Microblaze_AI.elf
 
Invoking: MicroBlaze Print Size
mb-size Microblaze_AI.elf  |tee "Microblaze_AI.elf.size"
   text	   data	    bss	    dec	    hex	filename
   6262	    372	   2124	   8758	   2236	Microblaze_AI.elf
Finished building: Microblaze_AI.elf.size
 
Invoking: Xilinx ELF Check
elfcheck Microblaze_AI.elf -hw ../../MicroBlaze_hw_platform/system.xml -pe microblaze_0  |tee "Microblaze_AI.elf.elfcheck"
elfcheck
Xilinx EDK 14.7 Build EDK_P.20131013
Copyright (c) 1995-2012 Xilinx, Inc.  All rights reserved.

Command Line: elfcheck -hw ../../MicroBlaze_hw_platform/system.xml -pe
microblaze_0 Microblaze_AI.elf 

ELF file	: Microblaze_AI.elf
elfcheck passed.
Finished building: Microblaze_AI.elf.elfcheck
 
17:21:31 **** Auto Build of project standalone_bsp_0 ****
make -k all 
Finished building libraries
17:23:18 **** Auto Build of configuration Release for project Microblaze_AI ****
make all 
Building file: ../src/testperiph.c
Invoking: MicroBlaze gcc compiler
mb-gcc -Wall -O2 -c -fmessage-length=0 -I../../standalone_bsp_0/microblaze_0/include -mlittle-endian -mxl-barrel-shift -mxl-pattern-compare -mcpu=v8.50.c -mno-xl-soft-mul -mhard-float -Wl,--no-relax -ffunction-sections -fdata-sections -MMD -MP -MF"src/testperiph.d" -MT"src/testperiph.d" -o "src/testperiph.o" "../src/testperiph.c"
Finished building: ../src/testperiph.c
../src/testperiph.c: In function 'main':
../src/testperiph.c:55:8: warning: unused variable 'syncBuffer' [-Wunused-variable]
../src/testperiph.c:54:20: warning: unused variable 'DataReadSync' [-Wunused-variable]
../src/testperiph.c:54:8: warning: unused variable 'statusSync' [-Wunused-variable]
 
Building target: Microblaze_AI.elf
Invoking: MicroBlaze gcc linker
mb-gcc -Wl,-T -Wl,../src/lscript.ld -L../../standalone_bsp_0/microblaze_0/lib -mlittle-endian -mxl-barrel-shift -mxl-pattern-compare -mcpu=v8.50.c -mno-xl-soft-mul -mhard-float -Wl,--no-relax -Wl,--gc-sections -o "Microblaze_AI.elf"  ./src/testperiph.o ./src/xgpio_tapp_example.o ./src/xuartlite_selftest_example.o   -Wl,--start-group,-lxil,-lgcc,-lc,--end-group
../src/testperiph.c:53:8: warning: variable 'statusBatY' set but not used [-Wunused-but-set-variable]
Finished building target: Microblaze_AI.elf
 
Invoking: MicroBlaze Print Size
mb-size Microblaze_AI.elf  |tee "Microblaze_AI.elf.size"
   text	   data	    bss	    dec	    hex	filename
   6262	    372	   2124	   8758	   2236	Microblaze_AI.elf
Finished building: Microblaze_AI.elf.size
 
Invoking: Xilinx ELF Check
elfcheck Microblaze_AI.elf -hw ../../MicroBlaze_hw_platform/system.xml -pe microblaze_0  |tee "Microblaze_AI.elf.elfcheck"
elfcheck
Xilinx EDK 14.7 Build EDK_P.20131013
Copyright (c) 1995-2012 Xilinx, Inc.  All rights reserved.

Command Line: elfcheck -hw ../../MicroBlaze_hw_platform/system.xml -pe
microblaze_0 Microblaze_AI.elf 

ELF file	: Microblaze_AI.elf
elfcheck passed.
Finished building: Microblaze_AI.elf.elfcheck
 
17:23:47 **** Auto Build of project standalone_bsp_0 ****
make -k all 
Finished building libraries
17:34:00 **** Auto Build of configuration Release for project Microblaze_AI ****
make all 
Building file: ../src/testperiph.c
Invoking: MicroBlaze gcc compiler
mb-gcc -Wall -O2 -c -fmessage-length=0 -I../../standalone_bsp_0/microblaze_0/include -mlittle-endian -mxl-barrel-shift -mxl-pattern-compare -mcpu=v8.50.c -mno-xl-soft-mul -mhard-float -Wl,--no-relax -ffunction-sections -fdata-sections -MMD -MP -MF"src/testperiph.d" -MT"src/testperiph.d" -o "src/testperiph.o" "../src/testperiph.c"
../src/testperiph.c: In function 'main':
../src/testperiph.c:55:8: warning: unused variable 'syncBuffer' [-Wunused-variable]
../src/testperiph.c:54:20: warning: unused variable 'DataReadSync' [-Wunused-variable]
../src/testperiph.c:54:8: warning: unused variable 'statusSync' [-Wunused-variable]
../src/testperiph.c:53:8: warning: variable 'statusBatY' set but not used [-Wunused-but-set-variable]
Finished building: ../src/testperiph.c
 
Building target: Microblaze_AI.elf
Invoking: MicroBlaze gcc linker
mb-gcc -Wl,-T -Wl,../src/lscript.ld -L../../standalone_bsp_0/microblaze_0/lib -mlittle-endian -mxl-barrel-shift -mxl-pattern-compare -mcpu=v8.50.c -mno-xl-soft-mul -mhard-float -Wl,--no-relax -Wl,--gc-sections -o "Microblaze_AI.elf"  ./src/testperiph.o ./src/xgpio_tapp_example.o ./src/xuartlite_selftest_example.o   -Wl,--start-group,-lxil,-lgcc,-lc,--end-group
Finished building target: Microblaze_AI.elf
 
Invoking: MicroBlaze Print Size
mb-size Microblaze_AI.elf  |tee "Microblaze_AI.elf.size"
   text	   data	    bss	    dec	    hex	filename
   6262	    372	   2124	   8758	   2236	Microblaze_AI.elf
Finished building: Microblaze_AI.elf.size
 
Invoking: Xilinx ELF Check
elfcheck Microblaze_AI.elf -hw ../../MicroBlaze_hw_platform/system.xml -pe microblaze_0  |tee "Microblaze_AI.elf.elfcheck"
elfcheck
Xilinx EDK 14.7 Build EDK_P.20131013
Copyright (c) 1995-2012 Xilinx, Inc.  All rights reserved.

Command Line: elfcheck -hw ../../MicroBlaze_hw_platform/system.xml -pe
microblaze_0 Microblaze_AI.elf 

ELF file	: Microblaze_AI.elf
elfcheck passed.
Finished building: Microblaze_AI.elf.elfcheck
 
17:35:02 **** Auto Build of project standalone_bsp_0 ****
make -k all 
Finished building libraries
17:35:32 **** Auto Build of configuration Release for project Microblaze_AI ****
make all 
Building file: ../src/testperiph.c
Invoking: MicroBlaze gcc compiler
mb-gcc -Wall -O2 -c -fmessage-length=0 -I../../standalone_bsp_0/microblaze_0/include -mlittle-endian -mxl-barrel-shift -mxl-pattern-compare -mcpu=v8.50.c -mno-xl-soft-mul -mhard-float -Wl,--no-relax -ffunction-sections -fdata-sections -MMD -MP -MF"src/testperiph.d" -MT"src/testperiph.d" -o "src/testperiph.o" "../src/testperiph.c"
../src/testperiph.c: In function 'main':
../src/testperiph.c:55:8: warning: unused variable 'syncBuffer' [-Wunused-variable]
Finished building: ../src/testperiph.c
 
Building target: Microblaze_AI.elf
Invoking: MicroBlaze gcc linker
mb-gcc -Wl,-T -Wl,../src/lscript.ld -L../../standalone_bsp_0/microblaze_0/lib -mlittle-endian -mxl-barrel-shift -mxl-pattern-compare -mcpu=v8.50.c -mno-xl-soft-mul -mhard-float -Wl,--no-relax -Wl,--gc-sections -o "Microblaze_AI.elf"  ./src/testperiph.o ./src/xgpio_tapp_example.o ./src/xuartlite_selftest_example.o   -Wl,--start-group,-lxil,-lgcc,-lc,--end-group
../src/testperiph.c:54:20: warning: unused variable 'DataReadSync' [-Wunused-variable]
../src/testperiph.c:54:8: warning: unused variable 'statusSync' [-Wunused-variable]
../src/testperiph.c:53:8: warning: variable 'statusBatY' set but not used [-Wunused-but-set-variable]
Finished building target: Microblaze_AI.elf
 
Invoking: MicroBlaze Print Size
mb-size Microblaze_AI.elf  |tee "Microblaze_AI.elf.size"
   text	   data	    bss	    dec	    hex	filename
   8582	    372	   2124	  11078	   2b46	Microblaze_AI.elf
Finished building: Microblaze_AI.elf.size
 
Invoking: Xilinx ELF Check
elfcheck Microblaze_AI.elf -hw ../../MicroBlaze_hw_platform/system.xml -pe microblaze_0  |tee "Microblaze_AI.elf.elfcheck"
elfcheck
Xilinx EDK 14.7 Build EDK_P.20131013
Copyright (c) 1995-2012 Xilinx, Inc.  All rights reserved.

Command Line: elfcheck -hw ../../MicroBlaze_hw_platform/system.xml -pe
microblaze_0 Microblaze_AI.elf 

ELF file	: Microblaze_AI.elf
elfcheck passed.
Finished building: Microblaze_AI.elf.elfcheck
 
17:35:52 **** Auto Build of project standalone_bsp_0 ****
make -k all 
Finished building libraries
17:37:06 **** Auto Build of configuration Release for project Microblaze_AI ****
make all 
Building file: ../src/testperiph.c
Invoking: MicroBlaze gcc compiler
mb-gcc -Wall -O2 -c -fmessage-length=0 -I../../standalone_bsp_0/microblaze_0/include -mlittle-endian -mxl-barrel-shift -mxl-pattern-compare -mcpu=v8.50.c -mno-xl-soft-mul -mhard-float -Wl,--no-relax -ffunction-sections -fdata-sections -MMD -MP -MF"src/testperiph.d" -MT"src/testperiph.d" -o "src/testperiph.o" "../src/testperiph.c"
../src/testperiph.c: In function 'main':
Finished building: ../src/testperiph.c
 
Building target: Microblaze_AI.elf
Invoking: MicroBlaze gcc linker
mb-gcc -Wl,-T -Wl,../src/lscript.ld -L../../standalone_bsp_0/microblaze_0/lib -mlittle-endian -mxl-barrel-shift -mxl-pattern-compare -mcpu=v8.50.c -mno-xl-soft-mul -mhard-float -Wl,--no-relax -Wl,--gc-sections -o "Microblaze_AI.elf"  ./src/testperiph.o ./src/xgpio_tapp_example.o ./src/xuartlite_selftest_example.o   -Wl,--start-group,-lxil,-lgcc,-lc,--end-group
../src/testperiph.c:55:8: warning: unused variable 'syncBuffer' [-Wunused-variable]
../src/testperiph.c:54:20: warning: unused variable 'DataReadSync' [-Wunused-variable]
../src/testperiph.c:54:8: warning: unused variable 'statusSync' [-Wunused-variable]
../src/testperiph.c:53:8: warning: variable 'statusBatY' set but not used [-Wunused-but-set-variable]
Finished building target: Microblaze_AI.elf
 
Invoking: MicroBlaze Print Size
mb-size Microblaze_AI.elf  |tee "Microblaze_AI.elf.size"
   text	   data	    bss	    dec	    hex	filename
   8602	    372	   2130	  11104	   2b60	Microblaze_AI.elf
Finished building: Microblaze_AI.elf.size
 
Invoking: Xilinx ELF Check
elfcheck Microblaze_AI.elf -hw ../../MicroBlaze_hw_platform/system.xml -pe microblaze_0  |tee "Microblaze_AI.elf.elfcheck"
elfcheck
Xilinx EDK 14.7 Build EDK_P.20131013
Copyright (c) 1995-2012 Xilinx, Inc.  All rights reserved.

Command Line: elfcheck -hw ../../MicroBlaze_hw_platform/system.xml -pe
microblaze_0 Microblaze_AI.elf 

ELF file	: Microblaze_AI.elf
elfcheck passed.
Finished building: Microblaze_AI.elf.elfcheck
 
17:37:24 **** Auto Build of project standalone_bsp_0 ****
make -k all 
Finished building libraries
17:38:30 **** Auto Build of configuration Release for project Microblaze_AI ****
make all 
Building file: ../src/testperiph.c
Invoking: MicroBlaze gcc compiler
mb-gcc -Wall -O2 -c -fmessage-length=0 -I../../standalone_bsp_0/microblaze_0/include -mlittle-endian -mxl-barrel-shift -mxl-pattern-compare -mcpu=v8.50.c -mno-xl-soft-mul -mhard-float -Wl,--no-relax -ffunction-sections -fdata-sections -MMD -MP -MF"src/testperiph.d" -MT"src/testperiph.d" -o "src/testperiph.o" "../src/testperiph.c"
../src/testperiph.c: In function 'main':
../src/testperiph.c:55:8: warning: unused variable 'syncBuffer' [-Wunused-variable]
Finished building: ../src/testperiph.c
 
Building target: Microblaze_AI.elf
Invoking: MicroBlaze gcc linker
mb-gcc -Wl,-T -Wl,../src/lscript.ld -L../../standalone_bsp_0/microblaze_0/lib -mlittle-endian -mxl-barrel-shift -mxl-pattern-compare -mcpu=v8.50.c -mno-xl-soft-mul -mhard-float -Wl,--no-relax -Wl,--gc-sections -o "Microblaze_AI.elf"  ./src/testperiph.o ./src/xgpio_tapp_example.o ./src/xuartlite_selftest_example.o   -Wl,--start-group,-lxil,-lgcc,-lc,--end-group
Finished building target: Microblaze_AI.elf
../src/testperiph.c:54:20: warning: unused variable 'DataReadSync' [-Wunused-variable]
 
Invoking: MicroBlaze Print Size
mb-size Microblaze_AI.elf  |tee "Microblaze_AI.elf.size"
../src/testperiph.c:54:8: warning: unused variable 'statusSync' [-Wunused-variable]
   text	   data	    bss	    dec	    hex	filename
../src/testperiph.c:53:8: warning: variable 'statusBatY' set but not used [-Wunused-but-set-variable]
   8602	    372	   2130	  11104	   2b60	Microblaze_AI.elf
Finished building: Microblaze_AI.elf.size
 
Invoking: Xilinx ELF Check
elfcheck Microblaze_AI.elf -hw ../../MicroBlaze_hw_platform/system.xml -pe microblaze_0  |tee "Microblaze_AI.elf.elfcheck"
elfcheck
Xilinx EDK 14.7 Build EDK_P.20131013
Copyright (c) 1995-2012 Xilinx, Inc.  All rights reserved.

Command Line: elfcheck -hw ../../MicroBlaze_hw_platform/system.xml -pe
microblaze_0 Microblaze_AI.elf 

ELF file	: Microblaze_AI.elf
elfcheck passed.
Finished building: Microblaze_AI.elf.elfcheck
 
17:39:20 **** Auto Build of project standalone_bsp_0 ****
make -k all 
Finished building libraries
17:40:31 **** Auto Build of configuration Release for project Microblaze_AI ****
make all 
Building file: ../src/testperiph.c
Invoking: MicroBlaze gcc compiler
mb-gcc -Wall -O2 -c -fmessage-length=0 -I../../standalone_bsp_0/microblaze_0/include -mlittle-endian -mxl-barrel-shift -mxl-pattern-compare -mcpu=v8.50.c -mno-xl-soft-mul -mhard-float -Wl,--no-relax -ffunction-sections -fdata-sections -MMD -MP -MF"src/testperiph.d" -MT"src/testperiph.d" -o "src/testperiph.o" "../src/testperiph.c"
../src/testperiph.c: In function 'main':
../src/testperiph.c:55:8: warning: unused variable 'syncBuffer' [-Wunused-variable]
../src/testperiph.c:54:20: warning: unused variable 'DataReadSync' [-Wunused-variable]
../src/testperiph.c:54:8: warning: unused variable 'statusSync' [-Wunused-variable]
../src/testperiph.c:53:8: warning: variable 'statusBatY' set but not used [-Wunused-but-set-variable]
Finished building: ../src/testperiph.c
 
Building target: Microblaze_AI.elf
Invoking: MicroBlaze gcc linker
mb-gcc -Wl,-T -Wl,../src/lscript.ld -L../../standalone_bsp_0/microblaze_0/lib -mlittle-endian -mxl-barrel-shift -mxl-pattern-compare -mcpu=v8.50.c -mno-xl-soft-mul -mhard-float -Wl,--no-relax -Wl,--gc-sections -o "Microblaze_AI.elf"  ./src/testperiph.o ./src/xgpio_tapp_example.o ./src/xuartlite_selftest_example.o   -Wl,--start-group,-lxil,-lgcc,-lc,--end-group
Finished building target: Microblaze_AI.elf
 
Invoking: MicroBlaze Print Size
mb-size Microblaze_AI.elf  |tee "Microblaze_AI.elf.size"
   text	   data	    bss	    dec	    hex	filename
   8610	    372	   2130	  11112	   2b68	Microblaze_AI.elf
Finished building: Microblaze_AI.elf.size
 
Invoking: Xilinx ELF Check
elfcheck Microblaze_AI.elf -hw ../../MicroBlaze_hw_platform/system.xml -pe microblaze_0  |tee "Microblaze_AI.elf.elfcheck"
elfcheck
Xilinx EDK 14.7 Build EDK_P.20131013
Copyright (c) 1995-2012 Xilinx, Inc.  All rights reserved.

Command Line: elfcheck -hw ../../MicroBlaze_hw_platform/system.xml -pe
microblaze_0 Microblaze_AI.elf 

ELF file	: Microblaze_AI.elf
elfcheck passed.
Finished building: Microblaze_AI.elf.elfcheck
 
17:40:43 **** Auto Build of configuration Release for project Microblaze_AI ****
make all 
Building file: ../src/testperiph.c
Invoking: MicroBlaze gcc compiler
mb-gcc -Wall -O2 -c -fmessage-length=0 -I../../standalone_bsp_0/microblaze_0/include -mlittle-endian -mxl-barrel-shift -mxl-pattern-compare -mcpu=v8.50.c -mno-xl-soft-mul -mhard-float -Wl,--no-relax -ffunction-sections -fdata-sections -MMD -MP -MF"src/testperiph.d" -MT"src/testperiph.d" -o "src/testperiph.o" "../src/testperiph.c"
../src/testperiph.c: In function 'main':
Finished building: ../src/testperiph.c
 
Building target: Microblaze_AI.elf
../src/testperiph.c:55:8: warning: unused variable 'syncBuffer' [-Wunused-variable]
../src/testperiph.c:54:20: warning: unused variable 'DataReadSync' [-Wunused-variable]
../src/testperiph.c:54:8: warning: unused variable 'statusSync' [-Wunused-variable]
../src/testperiph.c:53:8: warning: variable 'statusBatY' set but not used [-Wunused-but-set-variable]
Invoking: MicroBlaze gcc linker
mb-gcc -Wl,-T -Wl,../src/lscript.ld -L../../standalone_bsp_0/microblaze_0/lib -mlittle-endian -mxl-barrel-shift -mxl-pattern-compare -mcpu=v8.50.c -mno-xl-soft-mul -mhard-float -Wl,--no-relax -Wl,--gc-sections -o "Microblaze_AI.elf"  ./src/testperiph.o ./src/xgpio_tapp_example.o ./src/xuartlite_selftest_example.o   -Wl,--start-group,-lxil,-lgcc,-lc,--end-group
Finished building target: Microblaze_AI.elf
 
Invoking: MicroBlaze Print Size
mb-size Microblaze_AI.elf  |tee "Microblaze_AI.elf.size"
   text	   data	    bss	    dec	    hex	filename
   8610	    372	   2130	  11112	   2b68	Microblaze_AI.elf
Finished building: Microblaze_AI.elf.size
 
Invoking: Xilinx ELF Check
elfcheck Microblaze_AI.elf -hw ../../MicroBlaze_hw_platform/system.xml -pe microblaze_0  |tee "Microblaze_AI.elf.elfcheck"
elfcheck
Xilinx EDK 14.7 Build EDK_P.20131013
Copyright (c) 1995-2012 Xilinx, Inc.  All rights reserved.

Command Line: elfcheck -hw ../../MicroBlaze_hw_platform/system.xml -pe
microblaze_0 Microblaze_AI.elf 

ELF file	: Microblaze_AI.elf
elfcheck passed.
Finished building: Microblaze_AI.elf.elfcheck
 
17:41:01 **** Auto Build of project standalone_bsp_0 ****
make -k all 
Finished building libraries
17:46:12 **** Auto Build of configuration Release for project Microblaze_AI ****
make all 
Building file: ../src/testperiph.c
Invoking: MicroBlaze gcc compiler
mb-gcc -Wall -O2 -c -fmessage-length=0 -I../../standalone_bsp_0/microblaze_0/include -mlittle-endian -mxl-barrel-shift -mxl-pattern-compare -mcpu=v8.50.c -mno-xl-soft-mul -mhard-float -Wl,--no-relax -ffunction-sections -fdata-sections -MMD -MP -MF"src/testperiph.d" -MT"src/testperiph.d" -o "src/testperiph.o" "../src/testperiph.c"
../src/testperiph.c: In function 'main':
../src/testperiph.c:55:8: warning: unused variable 'syncBuffer' [-Wunused-variable]
../src/testperiph.c:54:20: warning: unused variable 'DataReadSync' [-Wunused-variable]
../src/testperiph.c:54:8: warning: unused variable 'statusSync' [-Wunused-variable]
Finished building: ../src/testperiph.c
 
Building target: Microblaze_AI.elf
Invoking: MicroBlaze gcc linker
mb-gcc -Wl,-T -Wl,../src/lscript.ld -L../../standalone_bsp_0/microblaze_0/lib -mlittle-endian -mxl-barrel-shift -mxl-pattern-compare -mcpu=v8.50.c -mno-xl-soft-mul -mhard-float -Wl,--no-relax -Wl,--gc-sections -o "Microblaze_AI.elf"  ./src/testperiph.o ./src/xgpio_tapp_example.o ./src/xuartlite_selftest_example.o   -Wl,--start-group,-lxil,-lgcc,-lc,--end-group
../src/testperiph.c:53:8: warning: variable 'statusBatY' set but not used [-Wunused-but-set-variable]
Finished building target: Microblaze_AI.elf
 
Invoking: MicroBlaze Print Size
mb-size Microblaze_AI.elf  |tee "Microblaze_AI.elf.size"
   text	   data	    bss	    dec	    hex	filename
   8610	    372	   2130	  11112	   2b68	Microblaze_AI.elf
Finished building: Microblaze_AI.elf.size
 
Invoking: Xilinx ELF Check
elfcheck Microblaze_AI.elf -hw ../../MicroBlaze_hw_platform/system.xml -pe microblaze_0  |tee "Microblaze_AI.elf.elfcheck"
elfcheck
Xilinx EDK 14.7 Build EDK_P.20131013
Copyright (c) 1995-2012 Xilinx, Inc.  All rights reserved.

Command Line: elfcheck -hw ../../MicroBlaze_hw_platform/system.xml -pe
microblaze_0 Microblaze_AI.elf 

ELF file	: Microblaze_AI.elf
elfcheck passed.
Finished building: Microblaze_AI.elf.elfcheck
 
17:47:42 **** Auto Build of configuration Release for project Microblaze_AI ****
make all 
Building file: ../src/testperiph.c
Invoking: MicroBlaze gcc compiler
mb-gcc -Wall -O2 -c -fmessage-length=0 -I../../standalone_bsp_0/microblaze_0/include -mlittle-endian -mxl-barrel-shift -mxl-pattern-compare -mcpu=v8.50.c -mno-xl-soft-mul -mhard-float -Wl,--no-relax -ffunction-sections -fdata-sections -MMD -MP -MF"src/testperiph.d" -MT"src/testperiph.d" -o "src/testperiph.o" "../src/testperiph.c"
../src/testperiph.c: In function 'main':
../src/testperiph.c:55:8: warning: unused variable 'syncBuffer' [-Wunused-variable]
../src/testperiph.c:54:20: warning: unused variable 'DataReadSync' [-Wunused-variable]
Finished building: ../src/testperiph.c
 
Building target: Microblaze_AI.elf
Invoking: MicroBlaze gcc linker
../src/testperiph.c:54:8: warning: unused variable 'statusSync' [-Wunused-variable]
mb-gcc -Wl,-T -Wl,../src/lscript.ld -L../../standalone_bsp_0/microblaze_0/lib -mlittle-endian -mxl-barrel-shift -mxl-pattern-compare -mcpu=v8.50.c -mno-xl-soft-mul -mhard-float -Wl,--no-relax -Wl,--gc-sections -o "Microblaze_AI.elf"  ./src/testperiph.o ./src/xgpio_tapp_example.o ./src/xuartlite_selftest_example.o   -Wl,--start-group,-lxil,-lgcc,-lc,--end-group
../src/testperiph.c:53:8: warning: variable 'statusBatY' set but not used [-Wunused-but-set-variable]
Finished building target: Microblaze_AI.elf
 
Invoking: MicroBlaze Print Size
mb-size Microblaze_AI.elf  |tee "Microblaze_AI.elf.size"
   text	   data	    bss	    dec	    hex	filename
   8626	    372	   2130	  11128	   2b78	Microblaze_AI.elf
Finished building: Microblaze_AI.elf.size
 
Invoking: Xilinx ELF Check
elfcheck Microblaze_AI.elf -hw ../../MicroBlaze_hw_platform/system.xml -pe microblaze_0  |tee "Microblaze_AI.elf.elfcheck"
elfcheck
Xilinx EDK 14.7 Build EDK_P.20131013
Copyright (c) 1995-2012 Xilinx, Inc.  All rights reserved.

Command Line: elfcheck -hw ../../MicroBlaze_hw_platform/system.xml -pe
microblaze_0 Microblaze_AI.elf 

ELF file	: Microblaze_AI.elf
elfcheck passed.
Finished building: Microblaze_AI.elf.elfcheck
 
17:47:50 **** Auto Build of configuration Release for project Microblaze_AI ****
make all 
Building file: ../src/testperiph.c
Invoking: MicroBlaze gcc compiler
mb-gcc -Wall -O2 -c -fmessage-length=0 -I../../standalone_bsp_0/microblaze_0/include -mlittle-endian -mxl-barrel-shift -mxl-pattern-compare -mcpu=v8.50.c -mno-xl-soft-mul -mhard-float -Wl,--no-relax -ffunction-sections -fdata-sections -MMD -MP -MF"src/testperiph.d" -MT"src/testperiph.d" -o "src/testperiph.o" "../src/testperiph.c"
../src/testperiph.c: In function 'main':
../src/testperiph.c:55:8: warning: unused variable 'syncBuffer' [-Wunused-variable]
../src/testperiph.c:54:20: warning: unused variable 'DataReadSync' [-Wunused-variable]
Finished building: ../src/testperiph.c
 
Building target: Microblaze_AI.elf
Invoking: MicroBlaze gcc linker
mb-gcc -Wl,-T -Wl,../src/lscript.ld -L../../standalone_bsp_0/microblaze_0/lib -mlittle-endian -mxl-barrel-shift -mxl-pattern-compare -mcpu=v8.50.c -mno-xl-soft-mul -mhard-float -Wl,--no-relax -Wl,--gc-sections -o "Microblaze_AI.elf"  ./src/testperiph.o ./src/xgpio_tapp_example.o ./src/xuartlite_selftest_example.o   -Wl,--start-group,-lxil,-lgcc,-lc,--end-group
../src/testperiph.c:54:8: warning: unused variable 'statusSync' [-Wunused-variable]
../src/testperiph.c:53:8: warning: variable 'statusBatY' set but not used [-Wunused-but-set-variable]
Finished building target: Microblaze_AI.elf
 
Invoking: MicroBlaze Print Size
mb-size Microblaze_AI.elf  |tee "Microblaze_AI.elf.size"
   text	   data	    bss	    dec	    hex	filename
   9022	    372	   2124	  11518	   2cfe	Microblaze_AI.elf
Finished building: Microblaze_AI.elf.size
 
Invoking: Xilinx ELF Check
elfcheck Microblaze_AI.elf -hw ../../MicroBlaze_hw_platform/system.xml -pe microblaze_0  |tee "Microblaze_AI.elf.elfcheck"
elfcheck
Xilinx EDK 14.7 Build EDK_P.20131013
Copyright (c) 1995-2012 Xilinx, Inc.  All rights reserved.

Command Line: elfcheck -hw ../../MicroBlaze_hw_platform/system.xml -pe
microblaze_0 Microblaze_AI.elf 

ELF file	: Microblaze_AI.elf
elfcheck passed.
Finished building: Microblaze_AI.elf.elfcheck
 
17:47:56 **** Auto Build of configuration Release for project Microblaze_AI ****
make all 
Building file: ../src/testperiph.c
Invoking: MicroBlaze gcc compiler
mb-gcc -Wall -O2 -c -fmessage-length=0 -I../../standalone_bsp_0/microblaze_0/include -mlittle-endian -mxl-barrel-shift -mxl-pattern-compare -mcpu=v8.50.c -mno-xl-soft-mul -mhard-float -Wl,--no-relax -ffunction-sections -fdata-sections -MMD -MP -MF"src/testperiph.d" -MT"src/testperiph.d" -o "src/testperiph.o" "../src/testperiph.c"
../src/testperiph.c: In function 'main':
../src/testperiph.c:55:8: warning: unused variable 'syncBuffer' [-Wunused-variable]
../src/testperiph.c:54:20: warning: unused variable 'DataReadSync' [-Wunused-variable]
../src/testperiph.c:54:8: warning: unused variable 'statusSync' [-Wunused-variable]
../src/testperiph.c:53:8: warning: variable 'statusBatY' set but not used [-Wunused-but-set-variable]
Finished building: ../src/testperiph.c
 
Building target: Microblaze_AI.elf
Invoking: MicroBlaze gcc linker
mb-gcc -Wl,-T -Wl,../src/lscript.ld -L../../standalone_bsp_0/microblaze_0/lib -mlittle-endian -mxl-barrel-shift -mxl-pattern-compare -mcpu=v8.50.c -mno-xl-soft-mul -mhard-float -Wl,--no-relax -Wl,--gc-sections -o "Microblaze_AI.elf"  ./src/testperiph.o ./src/xgpio_tapp_example.o ./src/xuartlite_selftest_example.o   -Wl,--start-group,-lxil,-lgcc,-lc,--end-group
Finished building target: Microblaze_AI.elf
 
Invoking: MicroBlaze Print Size
mb-size Microblaze_AI.elf  |tee "Microblaze_AI.elf.size"
   text	   data	    bss	    dec	    hex	filename
   9022	    372	   2124	  11518	   2cfe	Microblaze_AI.elf
Finished building: Microblaze_AI.elf.size
 
Invoking: Xilinx ELF Check
elfcheck Microblaze_AI.elf -hw ../../MicroBlaze_hw_platform/system.xml -pe microblaze_0  |tee "Microblaze_AI.elf.elfcheck"
elfcheck
Xilinx EDK 14.7 Build EDK_P.20131013
Copyright (c) 1995-2012 Xilinx, Inc.  All rights reserved.

Command Line: elfcheck -hw ../../MicroBlaze_hw_platform/system.xml -pe
microblaze_0 Microblaze_AI.elf 

ELF file	: Microblaze_AI.elf
elfcheck passed.
Finished building: Microblaze_AI.elf.elfcheck
 
17:48:53 **** Auto Build of project standalone_bsp_0 ****
make -k all 
Finished building libraries
17:50:13 **** Auto Build of configuration Release for project Microblaze_AI ****
make all 
Building file: ../src/testperiph.c
Invoking: MicroBlaze gcc compiler
mb-gcc -Wall -O2 -c -fmessage-length=0 -I../../standalone_bsp_0/microblaze_0/include -mlittle-endian -mxl-barrel-shift -mxl-pattern-compare -mcpu=v8.50.c -mno-xl-soft-mul -mhard-float -Wl,--no-relax -ffunction-sections -fdata-sections -MMD -MP -MF"src/testperiph.d" -MT"src/testperiph.d" -o "src/testperiph.o" "../src/testperiph.c"
../src/testperiph.c: In function 'main':
../src/testperiph.c:55:8: warning: unused variable 'syncBuffer' [-Wunused-variable]
Finished building: ../src/testperiph.c
 
Building target: Microblaze_AI.elf
Invoking: MicroBlaze gcc linker
mb-gcc -Wl,-T -Wl,../src/lscript.ld -L../../standalone_bsp_0/microblaze_0/lib -mlittle-endian -mxl-barrel-shift -mxl-pattern-compare -mcpu=v8.50.c -mno-xl-soft-mul -mhard-float -Wl,--no-relax -Wl,--gc-sections -o "Microblaze_AI.elf"  ./src/testperiph.o ./src/xgpio_tapp_example.o ./src/xuartlite_selftest_example.o   -Wl,--start-group,-lxil,-lgcc,-lc,--end-group
../src/testperiph.c:54:20: warning: unused variable 'DataReadSync' [-Wunused-variable]
../src/testperiph.c:54:8: warning: unused variable 'statusSync' [-Wunused-variable]
../src/testperiph.c:53:8: warning: variable 'statusBatY' set but not used [-Wunused-but-set-variable]
Finished building target: Microblaze_AI.elf
 
Invoking: MicroBlaze Print Size
mb-size Microblaze_AI.elf  |tee "Microblaze_AI.elf.size"
   text	   data	    bss	    dec	    hex	filename
   9022	    372	   2124	  11518	   2cfe	Microblaze_AI.elf
Finished building: Microblaze_AI.elf.size
 
Invoking: Xilinx ELF Check
elfcheck Microblaze_AI.elf -hw ../../MicroBlaze_hw_platform/system.xml -pe microblaze_0  |tee "Microblaze_AI.elf.elfcheck"
elfcheck
Xilinx EDK 14.7 Build EDK_P.20131013
Copyright (c) 1995-2012 Xilinx, Inc.  All rights reserved.

Command Line: elfcheck -hw ../../MicroBlaze_hw_platform/system.xml -pe
microblaze_0 Microblaze_AI.elf 

ELF file	: Microblaze_AI.elf
elfcheck passed.
Finished building: Microblaze_AI.elf.elfcheck
 
17:50:30 **** Auto Build of project standalone_bsp_0 ****
make -k all 
Finished building libraries
17:52:58 **** Auto Build of configuration Release for project Microblaze_AI ****
make all 
Building file: ../src/testperiph.c
Invoking: MicroBlaze gcc compiler
mb-gcc -Wall -O2 -c -fmessage-length=0 -I../../standalone_bsp_0/microblaze_0/include -mlittle-endian -mxl-barrel-shift -mxl-pattern-compare -mcpu=v8.50.c -mno-xl-soft-mul -mhard-float -Wl,--no-relax -ffunction-sections -fdata-sections -MMD -MP -MF"src/testperiph.d" -MT"src/testperiph.d" -o "src/testperiph.o" "../src/testperiph.c"
../src/testperiph.c: In function 'main':
../src/testperiph.c:55:8: warning: unused variable 'syncBuffer' [-Wunused-variable]
../src/testperiph.c:54:20: warning: unused variable 'DataReadSync' [-Wunused-variable]
../src/testperiph.c:54:8: warning: unused variable 'statusSync' [-Wunused-variable]
../src/testperiph.c:53:8: warning: variable 'statusBatY' set but not used [-Wunused-but-set-variable]
Finished building: ../src/testperiph.c
 
Building target: Microblaze_AI.elf
Invoking: MicroBlaze gcc linker
mb-gcc -Wl,-T -Wl,../src/lscript.ld -L../../standalone_bsp_0/microblaze_0/lib -mlittle-endian -mxl-barrel-shift -mxl-pattern-compare -mcpu=v8.50.c -mno-xl-soft-mul -mhard-float -Wl,--no-relax -Wl,--gc-sections -o "Microblaze_AI.elf"  ./src/testperiph.o ./src/xgpio_tapp_example.o ./src/xuartlite_selftest_example.o   -Wl,--start-group,-lxil,-lgcc,-lc,--end-group
Finished building target: Microblaze_AI.elf
 
Invoking: MicroBlaze Print Size
mb-size Microblaze_AI.elf  |tee "Microblaze_AI.elf.size"
   text	   data	    bss	    dec	    hex	filename
  12330	    372	   2130	  14832	   39f0	Microblaze_AI.elf
Finished building: Microblaze_AI.elf.size
 
Invoking: Xilinx ELF Check
elfcheck Microblaze_AI.elf -hw ../../MicroBlaze_hw_platform/system.xml -pe microblaze_0  |tee "Microblaze_AI.elf.elfcheck"
elfcheck
Xilinx EDK 14.7 Build EDK_P.20131013
Copyright (c) 1995-2012 Xilinx, Inc.  All rights reserved.

Command Line: elfcheck -hw ../../MicroBlaze_hw_platform/system.xml -pe
microblaze_0 Microblaze_AI.elf 

ELF file	: Microblaze_AI.elf
elfcheck passed.
Finished building: Microblaze_AI.elf.elfcheck
 
17:53:05 **** Auto Build of configuration Release for project Microblaze_AI ****
make all 
Building file: ../src/testperiph.c
Invoking: MicroBlaze gcc compiler
mb-gcc -Wall -O2 -c -fmessage-length=0 -I../../standalone_bsp_0/microblaze_0/include -mlittle-endian -mxl-barrel-shift -mxl-pattern-compare -mcpu=v8.50.c -mno-xl-soft-mul -mhard-float -Wl,--no-relax -ffunction-sections -fdata-sections -MMD -MP -MF"src/testperiph.d" -MT"src/testperiph.d" -o "src/testperiph.o" "../src/testperiph.c"
../src/testperiph.c: In function 'main':
../src/testperiph.c:55:8: warning: unused variable 'syncBuffer' [-Wunused-variable]
../src/testperiph.c:54:20: warning: unused variable 'DataReadSync' [-Wunused-variable]
../src/testperiph.c:54:8: warning: unused variable 'statusSync' [-Wunused-variable]
../src/testperiph.c:53:8: warning: variable 'statusBatY' set but not used [-Wunused-but-set-variable]
Finished building: ../src/testperiph.c
 
Building target: Microblaze_AI.elf
Invoking: MicroBlaze gcc linker
mb-gcc -Wl,-T -Wl,../src/lscript.ld -L../../standalone_bsp_0/microblaze_0/lib -mlittle-endian -mxl-barrel-shift -mxl-pattern-compare -mcpu=v8.50.c -mno-xl-soft-mul -mhard-float -Wl,--no-relax -Wl,--gc-sections -o "Microblaze_AI.elf"  ./src/testperiph.o ./src/xgpio_tapp_example.o ./src/xuartlite_selftest_example.o   -Wl,--start-group,-lxil,-lgcc,-lc,--end-group
Finished building target: Microblaze_AI.elf
 
Invoking: MicroBlaze Print Size
mb-size Microblaze_AI.elf  |tee "Microblaze_AI.elf.size"
   text	   data	    bss	    dec	    hex	filename
  12330	    372	   2130	  14832	   39f0	Microblaze_AI.elf
Finished building: Microblaze_AI.elf.size
 
Invoking: Xilinx ELF Check
elfcheck Microblaze_AI.elf -hw ../../MicroBlaze_hw_platform/system.xml -pe microblaze_0  |tee "Microblaze_AI.elf.elfcheck"
elfcheck
Xilinx EDK 14.7 Build EDK_P.20131013
Copyright (c) 1995-2012 Xilinx, Inc.  All rights reserved.

Command Line: elfcheck -hw ../../MicroBlaze_hw_platform/system.xml -pe
microblaze_0 Microblaze_AI.elf 

ELF file	: Microblaze_AI.elf
elfcheck passed.
Finished building: Microblaze_AI.elf.elfcheck
 
17:53:25 **** Auto Build of project standalone_bsp_0 ****
make -k all 
Finished building libraries
17:54:51 **** Auto Build of configuration Release for project Microblaze_AI ****
make all 
Building file: ../src/testperiph.c
Invoking: MicroBlaze gcc compiler
mb-gcc -Wall -O2 -c -fmessage-length=0 -I../../standalone_bsp_0/microblaze_0/include -mlittle-endian -mxl-barrel-shift -mxl-pattern-compare -mcpu=v8.50.c -mno-xl-soft-mul -mhard-float -Wl,--no-relax -ffunction-sections -fdata-sections -MMD -MP -MF"src/testperiph.d" -MT"src/testperiph.d" -o "src/testperiph.o" "../src/testperiph.c"
../src/testperiph.c: In function 'main':
../src/testperiph.c:55:8: warning: unused variable 'syncBuffer' [-Wunused-variable]
../src/testperiph.c:54:20: warning: unused variable 'DataReadSync' [-Wunused-variable]
../src/testperiph.c:54:8: warning: unused variable 'statusSync' [-Wunused-variable]
Finished building: ../src/testperiph.c
../src/testperiph.c:53:8: warning: variable 'statusBatY' set but not used [-Wunused-but-set-variable]
 
Building target: Microblaze_AI.elf
Invoking: MicroBlaze gcc linker
mb-gcc -Wl,-T -Wl,../src/lscript.ld -L../../standalone_bsp_0/microblaze_0/lib -mlittle-endian -mxl-barrel-shift -mxl-pattern-compare -mcpu=v8.50.c -mno-xl-soft-mul -mhard-float -Wl,--no-relax -Wl,--gc-sections -o "Microblaze_AI.elf"  ./src/testperiph.o ./src/xgpio_tapp_example.o ./src/xuartlite_selftest_example.o   -Wl,--start-group,-lxil,-lgcc,-lc,--end-group
Finished building target: Microblaze_AI.elf
 
Invoking: MicroBlaze Print Size
mb-size Microblaze_AI.elf  |tee "Microblaze_AI.elf.size"
   text	   data	    bss	    dec	    hex	filename
   9434	    368	   2126	  11928	   2e98	Microblaze_AI.elf
Finished building: Microblaze_AI.elf.size
 
Invoking: Xilinx ELF Check
elfcheck Microblaze_AI.elf -hw ../../MicroBlaze_hw_platform/system.xml -pe microblaze_0  |tee "Microblaze_AI.elf.elfcheck"
elfcheck
Xilinx EDK 14.7 Build EDK_P.20131013
Copyright (c) 1995-2012 Xilinx, Inc.  All rights reserved.

Command Line: elfcheck -hw ../../MicroBlaze_hw_platform/system.xml -pe
microblaze_0 Microblaze_AI.elf 

ELF file	: Microblaze_AI.elf
elfcheck passed.
Finished building: Microblaze_AI.elf.elfcheck
 
17:55:06 **** Auto Build of project standalone_bsp_0 ****
make -k all 
Finished building libraries
18:44:16 **** Auto Build of configuration Release for project Microblaze_AI ****
make all 
Building file: ../src/testperiph.c
../src/testperiph.c: In function 'main':
Invoking: MicroBlaze gcc compiler
mb-gcc -Wall -O2 -c -fmessage-length=0 -I../../standalone_bsp_0/microblaze_0/include -mlittle-endian -mxl-barrel-shift -mxl-pattern-compare -mcpu=v8.50.c -mno-xl-soft-mul -mhard-float -Wl,--no-relax -ffunction-sections -fdata-sections -MMD -MP -MF"src/testperiph.d" -MT"src/testperiph.d" -o "src/testperiph.o" "../src/testperiph.c"
[...]
../src/testperiph.c:116:4: error: conflicting types for 'Xil_DCacheDisable'
../../standalone_bsp_0/microblaze_0/include/xil_cache.h:447:6: note: previous declaration of 'Xil_DCacheDisable' was here
../src/testperiph.c:117:4: warning: data definition has no type or storage class [enabled by default]
../src/testperiph.c:117:4: warning: type defaults to 'int' in declaration of 'Xil_ICacheDisable' [-Wimplicit-int]
../src/testperiph.c:117:4: error: conflicting types for 'Xil_ICacheDisable'
../../standalone_bsp_0/microblaze_0/include/xil_cache.h:448:6: note: previous declaration of 'Xil_ICacheDisable' was here
../src/testperiph.c:119:4: error: expected identifier or '(' before 'return'
../src/testperiph.c:120:1: error: expected identifier or '(' before '}' token
make: *** [src/testperiph.o] Error 1
18:32:12 **** Auto Build of configuration Release for project Microblaze_AI ****
make all 
Building file: ../src/testperiph.c
Invoking: MicroBlaze gcc compiler
mb-gcc -Wall -O2 -c -fmessage-length=0 -I../../standalone_bsp_0/microblaze_0/include -mlittle-endian -mxl-barrel-shift -mxl-pattern-compare -mcpu=v8.50.c -mno-xl-soft-mul -mhard-float -Wl,--no-relax -ffunction-sections -fdata-sections -MMD -MP -MF"src/testperiph.d" -MT"src/testperiph.d" -o "src/testperiph.o" "../src/testperiph.c"
../src/testperiph.c: In function 'main':
../src/testperiph.c:55:8: warning: unused variable 'syncBuffer' [-Wunused-variable]
../src/testperiph.c:54:20: warning: unused variable 'DataReadSync' [-Wunused-variable]
../src/testperiph.c:54:8: warning: unused variable 'statusSync' [-Wunused-variable]
../src/testperiph.c:53:8: warning: variable 'statusBatY' set but not used [-Wunused-but-set-variable]
Finished building: ../src/testperiph.c
 
Building target: Microblaze_AI.elf
Invoking: MicroBlaze gcc linker
mb-gcc -Wl,-T -Wl,../src/lscript.ld -L../../standalone_bsp_0/microblaze_0/lib -mlittle-endian -mxl-barrel-shift -mxl-pattern-compare -mcpu=v8.50.c -mno-xl-soft-mul -mhard-float -Wl,--no-relax -Wl,--gc-sections -o "Microblaze_AI.elf"  ./src/testperiph.o ./src/xgpio_tapp_example.o ./src/xuartlite_selftest_example.o   -Wl,--start-group,-lxil,-lgcc,-lc,--end-group
Finished building target: Microblaze_AI.elf
 
Invoking: MicroBlaze Print Size
mb-size Microblaze_AI.elf  |tee "Microblaze_AI.elf.size"
   text	   data	    bss	    dec	    hex	filename
   9470	    368	   2120	  11958	   2eb6	Microblaze_AI.elf
Finished building: Microblaze_AI.elf.size
 
Invoking: Xilinx ELF Check
elfcheck Microblaze_AI.elf -hw ../../MicroBlaze_hw_platform/system.xml -pe microblaze_0  |tee "Microblaze_AI.elf.elfcheck"
elfcheck
Xilinx EDK 14.7 Build EDK_P.20131013
Copyright (c) 1995-2012 Xilinx, Inc.  All rights reserved.

Command Line: elfcheck -hw ../../MicroBlaze_hw_platform/system.xml -pe
microblaze_0 Microblaze_AI.elf 

ELF file	: Microblaze_AI.elf
elfcheck passed.
Finished building: Microblaze_AI.elf.elfcheck
 
18:32:37 **** Auto Build of project standalone_bsp_0 ****
make -k all 
Finished building libraries
18:33:52 **** Auto Build of configuration Release for project Microblaze_AI ****
make all 
Building file: ../src/testperiph.c
Invoking: MicroBlaze gcc compiler
mb-gcc -Wall -O2 -c -fmessage-length=0 -I../../standalone_bsp_0/microblaze_0/include -mlittle-endian -mxl-barrel-shift -mxl-pattern-compare -mcpu=v8.50.c -mno-xl-soft-mul -mhard-float -Wl,--no-relax -ffunction-sections -fdata-sections -MMD -MP -MF"src/testperiph.d" -MT"src/testperiph.d" -o "src/testperiph.o" "../src/testperiph.c"
../src/testperiph.c: In function 'main':
../src/testperiph.c:55:8: warning: unused variable 'syncBuffer' [-Wunused-variable]
../src/testperiph.c:54:20: warning: unused variable 'DataReadSync' [-Wunused-variable]
../src/testperiph.c:54:8: warning: unused variable 'statusSync' [-Wunused-variable]
../src/testperiph.c:53:8: warning: variable 'statusBatY' set but not used [-Wunused-but-set-variable]
Finished building: ../src/testperiph.c
 
Building target: Microblaze_AI.elf
Invoking: MicroBlaze gcc linker
mb-gcc -Wl,-T -Wl,../src/lscript.ld -L../../standalone_bsp_0/microblaze_0/lib -mlittle-endian -mxl-barrel-shift -mxl-pattern-compare -mcpu=v8.50.c -mno-xl-soft-mul -mhard-float -Wl,--no-relax -Wl,--gc-sections -o "Microblaze_AI.elf"  ./src/testperiph.o ./src/xgpio_tapp_example.o ./src/xuartlite_selftest_example.o   -Wl,--start-group,-lxil,-lgcc,-lc,--end-group
Finished building target: Microblaze_AI.elf
 
Invoking: MicroBlaze Print Size
mb-size Microblaze_AI.elf  |tee "Microblaze_AI.elf.size"
   text	   data	    bss	    dec	    hex	filename
   9470	    368	   2120	  11958	   2eb6	Microblaze_AI.elf
Finished building: Microblaze_AI.elf.size
 
Invoking: Xilinx ELF Check
elfcheck Microblaze_AI.elf -hw ../../MicroBlaze_hw_platform/system.xml -pe microblaze_0  |tee "Microblaze_AI.elf.elfcheck"
elfcheck
Xilinx EDK 14.7 Build EDK_P.20131013
Copyright (c) 1995-2012 Xilinx, Inc.  All rights reserved.

Command Line: elfcheck -hw ../../MicroBlaze_hw_platform/system.xml -pe
microblaze_0 Microblaze_AI.elf 

ELF file	: Microblaze_AI.elf
elfcheck passed.
Finished building: Microblaze_AI.elf.elfcheck
 
18:34:08 **** Auto Build of project standalone_bsp_0 ****
make -k all 
Finished building libraries
15:29:54 **** Auto Build of project standalone_bsp_0 ****
make -k all 
Finished building libraries
15:31:08 **** Auto Build of project standalone_bsp_0 ****
make -k all 
Finished building libraries
15:32:14 **** Auto Build of project standalone_bsp_0 ****
make -k all 
Finished building libraries
16:23:44 **** Auto Build of project standalone_bsp_0 ****
make -k all 
Finished building libraries
16:55:09 **** Auto Build of project standalone_bsp_0 ****
make -k all 
Finished building libraries
16:59:53 **** Auto Build of project standalone_bsp_0 ****
make -k all 
Finished building libraries
17:05:06 **** Auto Build of project standalone_bsp_0 ****
make -k all 
Finished building libraries
18:08:51 **** Auto Build of configuration Release for project Microblaze_AI ****
make all 
Building file: ../src/testperiph.c
Invoking: MicroBlaze gcc compiler
mb-gcc -Wall -O2 -c -fmessage-length=0 -I../../standalone_bsp_0/microblaze_0/include -mlittle-endian -mxl-barrel-shift -mxl-pattern-compare -mcpu=v8.50.c -mno-xl-soft-mul -mhard-float -Wl,--no-relax -ffunction-sections -fdata-sections -MMD -MP -MF"src/testperiph.d" -MT"src/testperiph.d" -o "src/testperiph.o" "../src/testperiph.c"
../src/testperiph.c: In function 'main':
../src/testperiph.c:55:8: warning: unused variable 'syncBuffer' [-Wunused-variable]
../src/testperiph.c:54:20: warning: unused variable 'DataReadSync' [-Wunused-variable]
../src/testperiph.c:54:8: warning: unused variable 'statusSync' [-Wunused-variable]
../src/testperiph.c:53:8: warning: variable 'statusBatY' set but not used [-Wunused-but-set-variable]
Finished building: ../src/testperiph.c
 
Building target: Microblaze_AI.elf
Invoking: MicroBlaze gcc linker
mb-gcc -Wl,-T -Wl,../src/lscript.ld -L../../standalone_bsp_0/microblaze_0/lib -mlittle-endian -mxl-barrel-shift -mxl-pattern-compare -mcpu=v8.50.c -mno-xl-soft-mul -mhard-float -Wl,--no-relax -Wl,--gc-sections -o "Microblaze_AI.elf"  ./src/testperiph.o ./src/xgpio_tapp_example.o ./src/xuartlite_selftest_example.o   -Wl,--start-group,-lxil,-lgcc,-lc,--end-group
Finished building target: Microblaze_AI.elf
 
Invoking: MicroBlaze Print Size
mb-size Microblaze_AI.elf  |tee "Microblaze_AI.elf.size"
   text	   data	    bss	    dec	    hex	filename
  12346	    372	   2130	  14848	   3a00	Microblaze_AI.elf
Finished building: Microblaze_AI.elf.size
 
Invoking: Xilinx ELF Check
elfcheck Microblaze_AI.elf -hw ../../MicroBlaze_hw_platform/system.xml -pe microblaze_0  |tee "Microblaze_AI.elf.elfcheck"
elfcheck
Xilinx EDK 14.7 Build EDK_P.20131013
Copyright (c) 1995-2012 Xilinx, Inc.  All rights reserved.

Command Line: elfcheck -hw ../../MicroBlaze_hw_platform/system.xml -pe
microblaze_0 Microblaze_AI.elf 

ELF file	: Microblaze_AI.elf
elfcheck passed.
Finished building: Microblaze_AI.elf.elfcheck
 
18:08:59 **** Auto Build of configuration Release for project Microblaze_AI ****
make all 
Building file: ../src/testperiph.c
Invoking: MicroBlaze gcc compiler
mb-gcc -Wall -O2 -c -fmessage-length=0 -I../../standalone_bsp_0/microblaze_0/include -mlittle-endian -mxl-barrel-shift -mxl-pattern-compare -mcpu=v8.50.c -mno-xl-soft-mul -mhard-float -Wl,--no-relax -ffunction-sections -fdata-sections -MMD -MP -MF"src/testperiph.d" -MT"src/testperiph.d" -o "src/testperiph.o" "../src/testperiph.c"
../src/testperiph.c: In function 'main':
../src/testperiph.c:55:8: warning: unused variable 'syncBuffer' [-Wunused-variable]
../src/testperiph.c:54:20: warning: unused variable 'DataReadSync' [-Wunused-variable]
Finished building: ../src/testperiph.c
 
Building target: Microblaze_AI.elf
Invoking: MicroBlaze gcc linker
mb-gcc -Wl,-T -Wl,../src/lscript.ld -L../../standalone_bsp_0/microblaze_0/lib -mlittle-endian -mxl-barrel-shift -mxl-pattern-compare -mcpu=v8.50.c -mno-xl-soft-mul -mhard-float -Wl,--no-relax -Wl,--gc-sections -o "Microblaze_AI.elf"  ./src/testperiph.o ./src/xgpio_tapp_example.o ./src/xuartlite_selftest_example.o   -Wl,--start-group,-lxil,-lgcc,-lc,--end-group
../src/testperiph.c:54:8: warning: unused variable 'statusSync' [-Wunused-variable]
../src/testperiph.c:53:8: warning: variable 'statusBatY' set but not used [-Wunused-but-set-variable]
Finished building target: Microblaze_AI.elf
 
Invoking: MicroBlaze Print Size
mb-size Microblaze_AI.elf  |tee "Microblaze_AI.elf.size"
   text	   data	    bss	    dec	    hex	filename
  12346	    372	   2130	  14848	   3a00	Microblaze_AI.elf
Finished building: Microblaze_AI.elf.size
 
Invoking: Xilinx ELF Check
elfcheck Microblaze_AI.elf -hw ../../MicroBlaze_hw_platform/system.xml -pe microblaze_0  |tee "Microblaze_AI.elf.elfcheck"
elfcheck
Xilinx EDK 14.7 Build EDK_P.20131013
Copyright (c) 1995-2012 Xilinx, Inc.  All rights reserved.

Command Line: elfcheck -hw ../../MicroBlaze_hw_platform/system.xml -pe
microblaze_0 Microblaze_AI.elf 

ELF file	: Microblaze_AI.elf
elfcheck passed.
Finished building: Microblaze_AI.elf.elfcheck
 
18:09:55 **** Auto Build of project standalone_bsp_0 ****
make -k all 
Finished building libraries
18:13:31 **** Auto Build of configuration Release for project Microblaze_AI ****
make all 
Building file: ../src/testperiph.c
Invoking: MicroBlaze gcc compiler
mb-gcc -Wall -O2 -c -fmessage-length=0 -I../../standalone_bsp_0/microblaze_0/include -mlittle-endian -mxl-barrel-shift -mxl-pattern-compare -mcpu=v8.50.c -mno-xl-soft-mul -mhard-float -Wl,--no-relax -ffunction-sections -fdata-sections -MMD -MP -MF"src/testperiph.d" -MT"src/testperiph.d" -o "src/testperiph.o" "../src/testperiph.c"
../src/testperiph.c: In function 'main':
../src/testperiph.c:55:8: warning: unused variable 'syncBuffer' [-Wunused-variable]
../src/testperiph.c:54:20: warning: unused variable 'DataReadSync' [-Wunused-variable]
../src/testperiph.c:54:8: warning: unused variable 'statusSync' [-Wunused-variable]
../src/testperiph.c:53:8: warning: variable 'statusBatY' set but not used [-Wunused-but-set-variable]
../src/testperiph.c:86:18: warning: 'y' may be used uninitialized in this function [-Wuninitialized]
Finished building: ../src/testperiph.c
 
Building target: Microblaze_AI.elf
Invoking: MicroBlaze gcc linker
mb-gcc -Wl,-T -Wl,../src/lscript.ld -L../../standalone_bsp_0/microblaze_0/lib -mlittle-endian -mxl-barrel-shift -mxl-pattern-compare -mcpu=v8.50.c -mno-xl-soft-mul -mhard-float -Wl,--no-relax -Wl,--gc-sections -o "Microblaze_AI.elf"  ./src/testperiph.o ./src/xgpio_tapp_example.o ./src/xuartlite_selftest_example.o   -Wl,--start-group,-lxil,-lgcc,-lc,--end-group
Finished building target: Microblaze_AI.elf
 
Invoking: MicroBlaze Print Size
mb-size Microblaze_AI.elf  |tee "Microblaze_AI.elf.size"
   text	   data	    bss	    dec	    hex	filename
  12402	    372	   2130	  14904	   3a38	Microblaze_AI.elf
Finished building: Microblaze_AI.elf.size
 
Invoking: Xilinx ELF Check
elfcheck Microblaze_AI.elf -hw ../../MicroBlaze_hw_platform/system.xml -pe microblaze_0  |tee "Microblaze_AI.elf.elfcheck"
elfcheck
Xilinx EDK 14.7 Build EDK_P.20131013
Copyright (c) 1995-2012 Xilinx, Inc.  All rights reserved.

Command Line: elfcheck -hw ../../MicroBlaze_hw_platform/system.xml -pe
microblaze_0 Microblaze_AI.elf 

ELF file	: Microblaze_AI.elf
elfcheck passed.
Finished building: Microblaze_AI.elf.elfcheck
 
18:13:37 **** Auto Build of configuration Release for project Microblaze_AI ****
make all 
Building file: ../src/testperiph.c
Invoking: MicroBlaze gcc compiler
mb-gcc -Wall -O2 -c -fmessage-length=0 -I../../standalone_bsp_0/microblaze_0/include -mlittle-endian -mxl-barrel-shift -mxl-pattern-compare -mcpu=v8.50.c -mno-xl-soft-mul -mhard-float -Wl,--no-relax -ffunction-sections -fdata-sections -MMD -MP -MF"src/testperiph.d" -MT"src/testperiph.d" -o "src/testperiph.o" "../src/testperiph.c"
../src/testperiph.c: In function 'main':
../src/testperiph.c:55:8: warning: unused variable 'syncBuffer' [-Wunused-variable]
../src/testperiph.c:54:20: warning: unused variable 'DataReadSync' [-Wunused-variable]
Finished building: ../src/testperiph.c
 
Building target: Microblaze_AI.elf
../src/testperiph.c:54:8: warning: unused variable 'statusSync' [-Wunused-variable]
Invoking: MicroBlaze gcc linker
mb-gcc -Wl,-T -Wl,../src/lscript.ld -L../../standalone_bsp_0/microblaze_0/lib -mlittle-endian -mxl-barrel-shift -mxl-pattern-compare -mcpu=v8.50.c -mno-xl-soft-mul -mhard-float -Wl,--no-relax -Wl,--gc-sections -o "Microblaze_AI.elf"  ./src/testperiph.o ./src/xgpio_tapp_example.o ./src/xuartlite_selftest_example.o   -Wl,--start-group,-lxil,-lgcc,-lc,--end-group
../src/testperiph.c:53:8: warning: variable 'statusBatY' set but not used [-Wunused-but-set-variable]
../src/testperiph.c:86:18: warning: 'y' may be used uninitialized in this function [-Wuninitialized]
Finished building target: Microblaze_AI.elf
 
Invoking: MicroBlaze Print Size
mb-size Microblaze_AI.elf  |tee "Microblaze_AI.elf.size"
   text	   data	    bss	    dec	    hex	filename
  12382	    372	   2124	  14878	   3a1e	Microblaze_AI.elf
Finished building: Microblaze_AI.elf.size
 
Invoking: Xilinx ELF Check
elfcheck Microblaze_AI.elf -hw ../../MicroBlaze_hw_platform/system.xml -pe microblaze_0  |tee "Microblaze_AI.elf.elfcheck"
elfcheck
Xilinx EDK 14.7 Build EDK_P.20131013
Copyright (c) 1995-2012 Xilinx, Inc.  All rights reserved.

Command Line: elfcheck -hw ../../MicroBlaze_hw_platform/system.xml -pe
microblaze_0 Microblaze_AI.elf 

ELF file	: Microblaze_AI.elf
elfcheck passed.
Finished building: Microblaze_AI.elf.elfcheck
 
18:14:08 **** Auto Build of project standalone_bsp_0 ****
make -k all 
Finished building libraries
18:23:27 **** Auto Build of project standalone_bsp_0 ****
make -k all 
Finished building libraries
18:33:16 **** Auto Build of configuration Release for project Microblaze_AI ****
make all 
Building file: ../src/testperiph.c
Invoking: MicroBlaze gcc compiler
mb-gcc -Wall -O2 -c -fmessage-length=0 -I../../standalone_bsp_0/microblaze_0/include -mlittle-endian -mxl-barrel-shift -mxl-pattern-compare -mcpu=v8.50.c -mno-xl-soft-mul -mhard-float -Wl,--no-relax -ffunction-sections -fdata-sections -MMD -MP -MF"src/testperiph.d" -MT"src/testperiph.d" -o "src/testperiph.o" "../src/testperiph.c"
../src/testperiph.c: In function 'main':
../src/testperiph.c:55:8: warning: unused variable 'syncBuffer' [-Wunused-variable]
../src/testperiph.c:54:20: warning: unused variable 'DataReadSync' [-Wunused-variable]
../src/testperiph.c:54:8: warning: unused variable 'statusSync' [-Wunused-variable]
../src/testperiph.c:53:8: warning: variable 'statusBatY' set but not used [-Wunused-but-set-variable]
Finished building: ../src/testperiph.c
 
Building target: Microblaze_AI.elf
Invoking: MicroBlaze gcc linker
mb-gcc -Wl,-T -Wl,../src/lscript.ld -L../../standalone_bsp_0/microblaze_0/lib -mlittle-endian -mxl-barrel-shift -mxl-pattern-compare -mcpu=v8.50.c -mno-xl-soft-mul -mhard-float -Wl,--no-relax -Wl,--gc-sections -o "Microblaze_AI.elf"  ./src/testperiph.o ./src/xgpio_tapp_example.o ./src/xuartlite_selftest_example.o   -Wl,--start-group,-lxil,-lgcc,-lc,--end-group
Finished building target: Microblaze_AI.elf
 
Invoking: MicroBlaze Print Size
mb-size Microblaze_AI.elf  |tee "Microblaze_AI.elf.size"
   text	   data	    bss	    dec	    hex	filename
   9470	    368	   2120	  11958	   2eb6	Microblaze_AI.elf
Finished building: Microblaze_AI.elf.size
 
Invoking: Xilinx ELF Check
elfcheck Microblaze_AI.elf -hw ../../MicroBlaze_hw_platform/system.xml -pe microblaze_0  |tee "Microblaze_AI.elf.elfcheck"
elfcheck
Xilinx EDK 14.7 Build EDK_P.20131013
Copyright (c) 1995-2012 Xilinx, Inc.  All rights reserved.

Command Line: elfcheck -hw ../../MicroBlaze_hw_platform/system.xml -pe
microblaze_0 Microblaze_AI.elf 

ELF file	: Microblaze_AI.elf
elfcheck passed.
Finished building: Microblaze_AI.elf.elfcheck
 
18:33:36 **** Auto Build of project standalone_bsp_0 ****
make -k all 
Finished building libraries
18:38:02 **** Auto Build of configuration Release for project Microblaze_AI ****
make all 
Building file: ../src/testperiph.c
Invoking: MicroBlaze gcc compiler
mb-gcc -Wall -O2 -c -fmessage-length=0 -I../../standalone_bsp_0/microblaze_0/include -mlittle-endian -mxl-barrel-shift -mxl-pattern-compare -mcpu=v8.50.c -mno-xl-soft-mul -mhard-float -Wl,--no-relax -ffunction-sections -fdata-sections -MMD -MP -MF"src/testperiph.d" -MT"src/testperiph.d" -o "src/testperiph.o" "../src/testperiph.c"
../src/testperiph.c: In function 'main':
../src/testperiph.c:55:8: warning: unused variable 'syncBuffer' [-Wunused-variable]
../src/testperiph.c:54:20: warning: unused variable 'DataReadSync' [-Wunused-variable]
../src/testperiph.c:54:8: warning: unused variable 'statusSync' [-Wunused-variable]
Finished building: ../src/testperiph.c
 
Building target: Microblaze_AI.elf
Invoking: MicroBlaze gcc linker
mb-gcc -Wl,-T -Wl,../src/lscript.ld -L../../standalone_bsp_0/microblaze_0/lib -mlittle-endian -mxl-barrel-shift -mxl-pattern-compare -mcpu=v8.50.c -mno-xl-soft-mul -mhard-float -Wl,--no-relax -Wl,--gc-sections -o "Microblaze_AI.elf"  ./src/testperiph.o ./src/xgpio_tapp_example.o ./src/xuartlite_selftest_example.o   -Wl,--start-group,-lxil,-lgcc,-lc,--end-group
../src/testperiph.c:53:8: warning: variable 'statusBatY' set but not used [-Wunused-but-set-variable]
Finished building target: Microblaze_AI.elf
 
Invoking: MicroBlaze Print Size
mb-size Microblaze_AI.elf  |tee "Microblaze_AI.elf.size"
   text	   data	    bss	    dec	    hex	filename
   9470	    368	   2120	  11958	   2eb6	Microblaze_AI.elf
Finished building: Microblaze_AI.elf.size
 
Invoking: Xilinx ELF Check
elfcheck Microblaze_AI.elf -hw ../../MicroBlaze_hw_platform/system.xml -pe microblaze_0  |tee "Microblaze_AI.elf.elfcheck"
elfcheck
Xilinx EDK 14.7 Build EDK_P.20131013
Copyright (c) 1995-2012 Xilinx, Inc.  All rights reserved.

Command Line: elfcheck -hw ../../MicroBlaze_hw_platform/system.xml -pe
microblaze_0 Microblaze_AI.elf 

ELF file	: Microblaze_AI.elf
elfcheck passed.
Finished building: Microblaze_AI.elf.elfcheck
 
18:46:03 **** Auto Build of project standalone_bsp_0 ****
make -k all 
Finished building libraries
10:33:34 **** Auto Build of project standalone_bsp_0 ****
make -k all 
Finished building libraries
10:40:58 **** Auto Build of project standalone_bsp_0 ****
make -k all 
Finished building libraries
10:59:36 **** Auto Build of project standalone_bsp_0 ****
make -k all 
Finished building libraries
15:12:52 **** Auto Build of project standalone_bsp_0 ****
make -k all 
Finished building libraries
15:54:33 **** Auto Build of project standalone_bsp_0 ****
make -k all 
Finished building libraries
16:13:07 **** Auto Build of project standalone_bsp_0 ****
make -k all 
Finished building libraries
16:27:30 **** Auto Build of project standalone_bsp_0 ****
make -k all 
Finished building libraries
